Warning: You are sending unauthenticated requests to the HF Hub. Please set a HF_TOKEN to enable higher rate limits and faster downloads.
/user/f.zhang2/projects/vggt-omega-organized/VGGT-360-fisheye/vggt_visfeat/models/vggt.py:72: FutureWarning: `torch.cuda.amp.autocast(args...)` is deprecated. Please use `torch.amp.autocast('cuda', args...)` instead.
  with torch.cuda.amp.autocast(enabled=False):
  [ADT] 6 usable sequence(s) (need: depth_npy, videos_synthetic, videos_rgb)
  [ADT]   SKIP Apartment_release_clean_seq137_M1292: missing/empty ['depth_npy', 'videos_synthetic']
  [ADT]   SKIP Apartment_release_clean_seq138_M1292: missing/empty ['depth_npy', 'videos_synthetic']
  [ADT]   SKIP Apartment_release_clean_seq140_M1292: missing/empty ['depth_npy', 'videos_synthetic']
  [ADT]   SKIP Apartment_release_clean_seq141_M1292: missing/empty ['depth_npy', 'videos_synthetic']
  [ADT]   SKIP Apartment_release_clean_seq142_M1292: missing/empty ['depth_npy', 'videos_synthetic']
  [ADT]   SKIP Apartment_release_clean_seq143_M1292: missing/empty ['depth_npy', 'videos_synthetic']
  [ADT]   SKIP Apartment_release_clean_seq144_M1292: missing/empty ['depth_npy', 'videos_synthetic']
  [ADT]   SKIP Apartment_release_clean_seq145_M1292: missing/empty ['depth_npy', 'videos_synthetic']
  [ADT]   SKIP Apartment_release_clean_seq146_M1292: missing/empty ['depth_npy', 'videos_synthetic']
  [ADT]   SKIP Apartment_release_clean_seq147_M1292: missing/empty ['depth_npy', 'videos_synthetic']
  [ADT]   SKIP Apartment_release_clean_seq148_M1292: missing/empty ['depth_npy', 'videos_synthetic']
  [ADT]   SKIP Apartment_release_clean_seq149_M1292: missing/empty ['depth_npy', 'videos_synthetic']
  [ADT]   SKIP Apartment_release_clean_seq150_M1292: missing/empty ['depth_npy', 'videos_synthetic']
  [ADT]   SKIP exocentric_rendered: missing/empty ['depth_npy', 'videos_synthetic', 'videos_rgb']
  [fovbench] Apartment_release_clean_seq131_M1292: 50 of 2878 common frames
  [fovbench] Apartment_release_clean_seq133_M1292: 50 of 399 common frames
  [fovbench] Apartment_release_clean_seq134_M1292: 50 of 399 common frames
  [fovbench] Apartment_release_clean_seq135_M1292: 50 of 399 common frames
  [fovbench] Apartment_release_clean_seq136_M1292: 50 of 399 common frames
  [fovbench] Apartment_release_decoration_seq132_M1292: 50 of 399 common frames
  [fovbench] ADT-FOV split 601fcb22767e: 300 frames across 6 sequence(s), streams=['synthetic', 'real']

[fovbench] ══ vggt360 ══
[vggt360] loading facebook/VGGT-1B (fov60 tilt26 ring8 fuse=attn head=depth adaptive sa-mask 518px bf16)
[vggt360]   weight check OK: 1403 keys matched
[fovbench]   vggt360 fov60 tilt26 ring8 fuse=attn head=depth adaptive sa-mask 518px bf16 | 1191M params | align=scale_shift | views rendered at 518px
[fovbench]   frame 5/300 (70s)
[fovbench]   frame 10/300 (130s)
[fovbench]   frame 15/300 (191s)
[fovbench]   frame 20/300 (251s)
[fovbench]   frame 25/300 (311s)
[fovbench]   frame 30/300 (374s)
[fovbench]   frame 35/300 (434s)
[fovbench]   frame 40/300 (495s)
[fovbench]   frame 45/300 (558s)
[fovbench]   frame 50/300 (619s)
[fovbench]   frame 55/300 (679s)
[fovbench]   frame 60/300 (741s)
[fovbench]   frame 65/300 (804s)
[fovbench]   frame 70/300 (865s)
[fovbench]   frame 75/300 (927s)
[fovbench]   frame 80/300 (987s)
[fovbench]   frame 85/300 (1050s)
[fovbench]   frame 90/300 (1113s)
[fovbench]   frame 95/300 (1175s)
[fovbench]   frame 100/300 (1237s)
[fovbench]   frame 105/300 (1301s)
[fovbench]   frame 110/300 (1362s)
[fovbench]   frame 115/300 (1425s)
[fovbench]   frame 120/300 (1485s)
[fovbench]   frame 125/300 (1546s)
[fovbench]   frame 130/300 (1607s)
[fovbench]   frame 135/300 (1670s)
[fovbench]   frame 140/300 (1734s)
[fovbench]   frame 145/300 (1796s)
[fovbench]   frame 150/300 (1859s)
[fovbench]   frame 155/300 (1921s)
[fovbench]   frame 160/300 (1984s)
[fovbench]   frame 165/300 (2045s)
[fovbench]   frame 170/300 (2107s)
[fovbench]   frame 175/300 (2170s)
[fovbench]   frame 180/300 (2231s)
[fovbench]   frame 185/300 (2293s)
[fovbench]   frame 190/300 (2357s)
[fovbench]   frame 195/300 (2420s)
[fovbench]   frame 200/300 (2482s)
[fovbench]   frame 205/300 (2545s)
[fovbench]   frame 210/300 (2606s)
[fovbench]   frame 215/300 (2667s)
[fovbench]   frame 220/300 (2731s)
[fovbench]   frame 225/300 (2795s)
[fovbench]   frame 230/300 (2860s)
[fovbench]   frame 235/300 (2924s)
[fovbench]   frame 240/300 (2988s)
[fovbench]   frame 245/300 (3049s)
[fovbench]   frame 250/300 (3111s)
[fovbench]   frame 255/300 (3177s)
[fovbench]   frame 260/300 (3239s)
[fovbench]   frame 265/300 (3302s)
[fovbench]   frame 270/300 (3365s)
[fovbench]   frame 275/300 (3430s)
[fovbench]   frame 280/300 (3493s)
[fovbench]   frame 285/300 (3557s)
[fovbench]   frame 290/300 (3618s)
[fovbench]   frame 295/300 (3684s)
[fovbench]   frame 300/300 (3748s)
[fovbench]   done in 3748s

========================================================================================
  ADT-FOV test · adt-fov-v1 · split 601fcb22767e
========================================================================================
  300 frames over 6 sequence(s): Apartment_release_clean_seq131_M1292, Apartment_release_clean_seq133_M1292, Apartment_release_clean_seq134_M1292, Apartment_release_clean_seq135_M1292, Apartment_release_clean_seq136_M1292, Apartment_release_decoration_seq132_M1292
  streams ['synthetic', 'real'] · views ['fisheye'] · protocols ['radial']
  GT valid <= 10.0 m; predictions beyond 100.0 m excluded from the metrics

  PROTOCOL: the scale (and shift) is fitted ONCE per frame, over every valid
  pixel, and then frozen; binning is a masking step applied afterwards. Every
  cell above — AbsRel, delta1, RMSE, and `pen` — obeys that.

  pen    = AbsRel(outermost bin) / AbsRel(innermost)  — how much worse the
           periphery is, in the metric a downstream user reads.
  Absolute AbsRel is comparable only WITHIN an alignment protocol — see the
  MODELS block: models sharing an `align=` may be read against each other,
  one scored differently may not. pen is comparable across all of them,
  being a within-model ratio.

  RADIAL · fisheye · AbsRel   (deg off-axis)
  --------------------------------------------------------------------------------
  model         stream        0-10   10-20   20-30   30-40   40-50   50-55     pen
  --------------------------------------------------------------------------------
  vggt360       real         0.133   0.137   0.135   0.123   0.118   0.142    1.07
  vggt360       synthetic    0.110   0.107   0.106   0.103   0.106   0.132    1.20

  RADIAL · fisheye · delta1   (deg off-axis)
  --------------------------------------------------------------------------------
  model         stream        0-10   10-20   20-30   30-40   40-50   50-55     pen
  --------------------------------------------------------------------------------
  vggt360       real         0.891   0.871   0.876   0.885   0.876   0.806    1.07
  vggt360       synthetic    0.921   0.914   0.919   0.916   0.897   0.831    1.20

  COVERAGE · mean valid samples per incidence bin (radial protocol)
  ----------------------------------------------------------------------------------
  view      stream        px     0-10    10-20    20-30    30-40    40-50    50-55
  fisheye   real         518     4938    16010    29928    47583    67827    36246
  fisheye   synthetic    518     4938    16010    29928    47583    67827    36246
  A rectified ~85 deg pinhole has no pixels past 42.3 deg off-axis except
  in its corners (52.6 deg at most). Empty outer bins there are geometry,
  not model failure — and are themselves the cost of rectifying.

  RING COVERAGE · how much of each annulus the view images — geometry only
  ----------------------------------------------------------------------------------
  view         px  whole to       0-10    10-20    20-30    30-40    40-50    50-55
  fisheye     518     54.6°       100%     100%     100%     100%     100%      98%
    mean θ                         6.7     15.6     25.4     35.3     45.2     52.4
  `whole to` is the last angle at which EVERY azimuth is imaged. Past it a
  bin is corner wedges, not a ring, so a `pen` spanning it is not the same
  measurement in both views — compare the two only where both read 100%.

  BIN DEPTH · median GT depth per incidence bin (m) — a confound, not a score
  ----------------------------------------------------------------------------------
  view      stream              px     0-10    10-20    20-30    30-40    40-50    50-55
  fisheye   real+synthetic     518     2.96     2.79     2.59     2.29     1.93     1.65
  Read the AbsRel tables against this row: a bin that is both farther and
  worse has not yet been shown to be worse *because of* where it sits.

  MODELS
  ------------------------------------------------------------
  vggt360       vggt360 fov60 tilt26 ring8 fuse=attn head=depth adaptive sa-mask 518px bf16 · 1191M · align=scale_shift · views at 518px


[fovbench] wrote eval_out/vggt360-023/fov_C/results.json (+ csv, report.txt, figures/)
