Warning: You are sending unauthenticated requests to the HF Hub. Please set a HF_TOKEN to enable higher rate limits and faster downloads.
/user/f.zhang2/projects/vggt-omega-organized/VGGT-360-fisheye/vggt_visfeat/models/vggt.py:72: FutureWarning: `torch.cuda.amp.autocast(args...)` is deprecated. Please use `torch.amp.autocast('cuda', args...)` instead.
  with torch.cuda.amp.autocast(enabled=False):
  [slambench] aea: 8 of 143 takes, 251 clips
  [slambench] nymeria: 8 of 254 takes, 256 clips
  [slambench] oxford: 8 of 124 takes, 221 clips
  [slambench] split 321f55a96bd4: 600 frames over 24 take(s) of 3 dataset(s)

[slambench] ══ vggt_1b ══
[slambench]   VGGT 1B | 1191M | align=scale_shift | frames at 518px
[slambench]   clip 5/561 (9s)
[slambench]   clip 10/561 (10s)
[slambench]   clip 15/561 (12s)
[slambench]   clip 20/561 (13s)
[slambench]   clip 25/561 (14s)
[slambench]   clip 30/561 (16s)
[slambench]   clip 35/561 (17s)
[slambench]   clip 40/561 (19s)
[slambench]   clip 45/561 (20s)
[slambench]   clip 50/561 (22s)
[slambench]   clip 55/561 (24s)
[slambench]   clip 60/561 (25s)
[slambench]   clip 65/561 (27s)
[slambench]   clip 70/561 (29s)
[slambench]   clip 75/561 (31s)
[slambench]   clip 80/561 (32s)
[slambench]   clip 85/561 (33s)
[slambench]   clip 90/561 (35s)
[slambench]   clip 95/561 (36s)
[slambench]   clip 100/561 (38s)
[slambench]   clip 105/561 (39s)
[slambench]   clip 110/561 (41s)
[slambench]   clip 115/561 (42s)
[slambench]   clip 120/561 (44s)
[slambench]   clip 125/561 (46s)
[slambench]   clip 130/561 (48s)
[slambench]   clip 135/561 (50s)
[slambench]   clip 140/561 (52s)
[slambench]   clip 145/561 (54s)
[slambench]   clip 150/561 (56s)
[slambench]   clip 155/561 (58s)
[slambench]   clip 160/561 (59s)
[slambench]   clip 165/561 (61s)
[slambench]   clip 170/561 (62s)
[slambench]   clip 175/561 (63s)
[slambench]   clip 180/561 (65s)
[slambench]   clip 185/561 (66s)
[slambench]   clip 190/561 (68s)
[slambench]   clip 195/561 (69s)
[slambench]   clip 200/561 (70s)
[slambench]   clip 205/561 (72s)
[slambench]   clip 210/561 (73s)
[slambench]   clip 215/561 (74s)
[slambench]   clip 220/561 (76s)
[slambench]   clip 225/561 (77s)
[slambench]   clip 230/561 (78s)
[slambench]   clip 235/561 (80s)
[slambench]   clip 240/561 (81s)
[slambench]   clip 245/561 (83s)
[slambench]   clip 250/561 (84s)
[slambench]   clip 255/561 (86s)
[slambench]   clip 260/561 (87s)
[slambench]   clip 265/561 (88s)
[slambench]   clip 270/561 (90s)
[slambench]   clip 275/561 (91s)
[slambench]   clip 280/561 (92s)
[slambench]   clip 285/561 (94s)
[slambench]   clip 290/561 (95s)
[slambench]   clip 295/561 (97s)
[slambench]   clip 300/561 (98s)
[slambench]   clip 305/561 (99s)
[slambench]   clip 310/561 (101s)
[slambench]   clip 315/561 (102s)
[slambench]   clip 320/561 (103s)
[slambench]   clip 325/561 (105s)
[slambench]   clip 330/561 (106s)
[slambench]   clip 335/561 (108s)
[slambench]   clip 340/561 (109s)
[slambench]   clip 345/561 (110s)
[slambench]   clip 350/561 (112s)
[slambench]   clip 355/561 (113s)
[slambench]   clip 360/561 (115s)
[slambench]   clip 365/561 (116s)
[slambench]   clip 370/561 (118s)
[slambench]   clip 375/561 (119s)
[slambench]   clip 380/561 (120s)
[slambench]   clip 385/561 (122s)
[slambench]   clip 390/561 (123s)
[slambench]   clip 395/561 (125s)
[slambench]   clip 400/561 (126s)
[slambench]   clip 405/561 (128s)
[slambench]   clip 410/561 (129s)
[slambench]   clip 415/561 (131s)
[slambench]   clip 420/561 (132s)
[slambench]   clip 425/561 (134s)
[slambench]   clip 430/561 (136s)
[slambench]   clip 435/561 (138s)
[slambench]   clip 440/561 (140s)
[slambench]   clip 445/561 (141s)
[slambench]   clip 450/561 (143s)
[slambench]   clip 455/561 (144s)
[slambench]   clip 460/561 (146s)
[slambench]   clip 465/561 (147s)
[slambench]   clip 470/561 (149s)
[slambench]   clip 475/561 (151s)
[slambench]   clip 480/561 (153s)
[slambench]   clip 485/561 (154s)
[slambench]   clip 490/561 (156s)
[slambench]   clip 495/561 (157s)
[slambench]   clip 500/561 (159s)
[slambench]   clip 505/561 (161s)
[slambench]   clip 510/561 (162s)
[slambench]   clip 515/561 (164s)
[slambench]   clip 520/561 (165s)
[slambench]   clip 525/561 (166s)
[slambench]   clip 530/561 (168s)
[slambench]   clip 535/561 (169s)
[slambench]   clip 540/561 (171s)
[slambench]   clip 545/561 (172s)
[slambench]   clip 550/561 (174s)
[slambench]   clip 555/561 (175s)
[slambench]   clip 560/561 (177s)
[slambench]   done in 177s

[slambench] ══ vggt_omega ══
[slambench]   VGGT-Omega 1B/512 | 1144M | align=scale_shift | frames at 512px
[slambench]   clip 5/561 (8s)
[slambench]   clip 10/561 (9s)
[slambench]   clip 15/561 (10s)
[slambench]   clip 20/561 (10s)
[slambench]   clip 25/561 (11s)
[slambench]   clip 30/561 (12s)
[slambench]   clip 35/561 (13s)
[slambench]   clip 40/561 (13s)
[slambench]   clip 45/561 (14s)
[slambench]   clip 50/561 (15s)
[slambench]   clip 55/561 (16s)
[slambench]   clip 60/561 (17s)
[slambench]   clip 65/561 (17s)
[slambench]   clip 70/561 (18s)
[slambench]   clip 75/561 (19s)
[slambench]   clip 80/561 (20s)
[slambench]   clip 85/561 (20s)
[slambench]   clip 90/561 (21s)
[slambench]   clip 95/561 (22s)
[slambench]   clip 100/561 (22s)
[slambench]   clip 105/561 (23s)
[slambench]   clip 110/561 (24s)
[slambench]   clip 115/561 (25s)
[slambench]   clip 120/561 (26s)
[slambench]   clip 125/561 (26s)
[slambench]   clip 130/561 (27s)
[slambench]   clip 135/561 (28s)
[slambench]   clip 140/561 (29s)
[slambench]   clip 145/561 (30s)
[slambench]   clip 150/561 (31s)
[slambench]   clip 155/561 (32s)
[slambench]   clip 160/561 (32s)
[slambench]   clip 165/561 (33s)
[slambench]   clip 170/561 (34s)
[slambench]   clip 175/561 (34s)
[slambench]   clip 180/561 (35s)
[slambench]   clip 185/561 (36s)
[slambench]   clip 190/561 (36s)
[slambench]   clip 195/561 (37s)
[slambench]   clip 200/561 (37s)
[slambench]   clip 205/561 (38s)
[slambench]   clip 210/561 (38s)
[slambench]   clip 215/561 (39s)
[slambench]   clip 220/561 (40s)
[slambench]   clip 225/561 (40s)
[slambench]   clip 230/561 (41s)
[slambench]   clip 235/561 (41s)
[slambench]   clip 240/561 (42s)
[slambench]   clip 245/561 (43s)
[slambench]   clip 250/561 (43s)
[slambench]   clip 255/561 (44s)
[slambench]   clip 260/561 (44s)
[slambench]   clip 265/561 (45s)
[slambench]   clip 270/561 (46s)
[slambench]   clip 275/561 (46s)
[slambench]   clip 280/561 (47s)
[slambench]   clip 285/561 (47s)
[slambench]   clip 290/561 (48s)
[slambench]   clip 295/561 (49s)
[slambench]   clip 300/561 (49s)
[slambench]   clip 305/561 (50s)
[slambench]   clip 310/561 (50s)
[slambench]   clip 315/561 (51s)
[slambench]   clip 320/561 (52s)
[slambench]   clip 325/561 (52s)
[slambench]   clip 330/561 (53s)
[slambench]   clip 335/561 (53s)
[slambench]   clip 340/561 (54s)
[slambench]   clip 345/561 (55s)
[slambench]   clip 350/561 (55s)
[slambench]   clip 355/561 (56s)
[slambench]   clip 360/561 (57s)
[slambench]   clip 365/561 (57s)
[slambench]   clip 370/561 (58s)
[slambench]   clip 375/561 (59s)
[slambench]   clip 380/561 (59s)
[slambench]   clip 385/561 (60s)
[slambench]   clip 390/561 (61s)
[slambench]   clip 395/561 (61s)
[slambench]   clip 400/561 (62s)
[slambench]   clip 405/561 (63s)
[slambench]   clip 410/561 (63s)
[slambench]   clip 415/561 (64s)
[slambench]   clip 420/561 (65s)
[slambench]   clip 425/561 (65s)
[slambench]   clip 430/561 (66s)
[slambench]   clip 435/561 (67s)
[slambench]   clip 440/561 (68s)
[slambench]   clip 445/561 (69s)
[slambench]   clip 450/561 (69s)
[slambench]   clip 455/561 (70s)
[slambench]   clip 460/561 (71s)
[slambench]   clip 465/561 (71s)
[slambench]   clip 470/561 (72s)
[slambench]   clip 475/561 (73s)
[slambench]   clip 480/561 (74s)
[slambench]   clip 485/561 (74s)
[slambench]   clip 490/561 (75s)
[slambench]   clip 495/561 (76s)
[slambench]   clip 500/561 (77s)
[slambench]   clip 505/561 (77s)
[slambench]   clip 510/561 (78s)
[slambench]   clip 515/561 (79s)
[slambench]   clip 520/561 (80s)
[slambench]   clip 525/561 (80s)
[slambench]   clip 530/561 (81s)
[slambench]   clip 535/561 (82s)
[slambench]   clip 540/561 (82s)
[slambench]   clip 545/561 (83s)
[slambench]   clip 550/561 (83s)
[slambench]   clip 555/561 (84s)
[slambench]   clip 560/561 (85s)
[slambench]   done in 85s

[slambench] ══ dav2_large ══
Loading weights:   0%|          | 0/503 [00:00<?, ?it/s]Loading weights: 100%|██████████| 503/503 [00:00<00:00, 6164.08it/s]
[slambench]   Depth-Anything-V2 Large | 335M | align=disparity_scale_shift | frames at 518px
[slambench]   clip 5/561 (5s)
[slambench]   clip 10/561 (6s)
[slambench]   clip 15/561 (6s)
[slambench]   clip 20/561 (7s)
[slambench]   clip 25/561 (8s)
[slambench]   clip 30/561 (8s)
[slambench]   clip 35/561 (9s)
[slambench]   clip 40/561 (10s)
[slambench]   clip 45/561 (11s)
[slambench]   clip 50/561 (11s)
[slambench]   clip 55/561 (12s)
[slambench]   clip 60/561 (13s)
[slambench]   clip 65/561 (14s)
[slambench]   clip 70/561 (15s)
[slambench]   clip 75/561 (16s)
[slambench]   clip 80/561 (16s)
[slambench]   clip 85/561 (17s)
[slambench]   clip 90/561 (18s)
[slambench]   clip 95/561 (18s)
[slambench]   clip 100/561 (19s)
[slambench]   clip 105/561 (19s)
[slambench]   clip 110/561 (20s)
[slambench]   clip 115/561 (21s)
[slambench]   clip 120/561 (22s)
[slambench]   clip 125/561 (23s)
[slambench]   clip 130/561 (24s)
[slambench]   clip 135/561 (25s)
[slambench]   clip 140/561 (25s)
[slambench]   clip 145/561 (26s)
[slambench]   clip 150/561 (27s)
[slambench]   clip 155/561 (28s)
[slambench]   clip 160/561 (29s)
[slambench]   clip 165/561 (29s)
[slambench]   clip 170/561 (30s)
[slambench]   clip 175/561 (31s)
[slambench]   clip 180/561 (31s)
[slambench]   clip 185/561 (32s)
[slambench]   clip 190/561 (32s)
[slambench]   clip 195/561 (33s)
[slambench]   clip 200/561 (34s)
[slambench]   clip 205/561 (34s)
[slambench]   clip 210/561 (35s)
[slambench]   clip 215/561 (35s)
[slambench]   clip 220/561 (36s)
[slambench]   clip 225/561 (37s)
[slambench]   clip 230/561 (37s)
[slambench]   clip 235/561 (38s)
[slambench]   clip 240/561 (39s)
[slambench]   clip 245/561 (39s)
[slambench]   clip 250/561 (40s)
[slambench]   clip 255/561 (40s)
[slambench]   clip 260/561 (41s)
[slambench]   clip 265/561 (42s)
[slambench]   clip 270/561 (42s)
[slambench]   clip 275/561 (43s)
[slambench]   clip 280/561 (43s)
[slambench]   clip 285/561 (44s)
[slambench]   clip 290/561 (45s)
[slambench]   clip 295/561 (45s)
[slambench]   clip 300/561 (46s)
[slambench]   clip 305/561 (46s)
[slambench]   clip 310/561 (47s)
[slambench]   clip 315/561 (47s)
[slambench]   clip 320/561 (48s)
[slambench]   clip 325/561 (49s)
[slambench]   clip 330/561 (49s)
[slambench]   clip 335/561 (50s)
[slambench]   clip 340/561 (51s)
[slambench]   clip 345/561 (51s)
[slambench]   clip 350/561 (52s)
[slambench]   clip 355/561 (52s)
[slambench]   clip 360/561 (53s)
[slambench]   clip 365/561 (54s)
[slambench]   clip 370/561 (54s)
[slambench]   clip 375/561 (55s)
[slambench]   clip 380/561 (55s)
[slambench]   clip 385/561 (56s)
[slambench]   clip 390/561 (57s)
[slambench]   clip 395/561 (58s)
[slambench]   clip 400/561 (58s)
[slambench]   clip 405/561 (59s)
[slambench]   clip 410/561 (60s)
[slambench]   clip 415/561 (60s)
[slambench]   clip 420/561 (61s)
[slambench]   clip 425/561 (62s)
[slambench]   clip 430/561 (63s)
[slambench]   clip 435/561 (63s)
[slambench]   clip 440/561 (64s)
[slambench]   clip 445/561 (65s)
[slambench]   clip 450/561 (66s)
[slambench]   clip 455/561 (66s)
[slambench]   clip 460/561 (67s)
[slambench]   clip 465/561 (68s)
[slambench]   clip 470/561 (69s)
[slambench]   clip 475/561 (69s)
[slambench]   clip 480/561 (70s)
[slambench]   clip 485/561 (71s)
[slambench]   clip 490/561 (72s)
[slambench]   clip 495/561 (72s)
[slambench]   clip 500/561 (73s)
[slambench]   clip 505/561 (74s)
[slambench]   clip 510/561 (75s)
[slambench]   clip 515/561 (75s)
[slambench]   clip 520/561 (76s)
[slambench]   clip 525/561 (77s)
[slambench]   clip 530/561 (77s)
[slambench]   clip 535/561 (78s)
[slambench]   clip 540/561 (79s)
[slambench]   clip 545/561 (79s)
[slambench]   clip 550/561 (80s)
[slambench]   clip 555/561 (81s)
[slambench]   clip 560/561 (82s)
[slambench]   done in 82s

[slambench] ══ da3_small ══
[93m[WARN ] Dependency `gsplat` is required for rendering 3DGS. Install via: pip install git+https://github.com/nerfstudio-project/gsplat.git@0b4dddf04cb687367602c01196913cde6a743d70[0m
[97m[INFO ] using MLP layer as FFN[0m
[slambench]   Depth-Anything-3 Small | 34M | align=scale_shift | frames at 518px
[slambench]   clip 5/561 (2s)
[slambench]   clip 10/561 (3s)
[slambench]   clip 15/561 (3s)
[slambench]   clip 20/561 (4s)
[slambench]   clip 25/561 (4s)
[slambench]   clip 30/561 (5s)
[slambench]   clip 35/561 (5s)
[slambench]   clip 40/561 (6s)
[slambench]   clip 45/561 (7s)
[slambench]   clip 50/561 (7s)
[slambench]   clip 55/561 (8s)
[slambench]   clip 60/561 (8s)
[slambench]   clip 65/561 (9s)
[slambench]   clip 70/561 (10s)
[slambench]   clip 75/561 (10s)
[slambench]   clip 80/561 (11s)
[slambench]   clip 85/561 (11s)
[slambench]   clip 90/561 (12s)
[slambench]   clip 95/561 (12s)
[slambench]   clip 100/561 (12s)
[slambench]   clip 105/561 (13s)
[slambench]   clip 110/561 (14s)
[slambench]   clip 115/561 (14s)
[slambench]   clip 120/561 (15s)
[slambench]   clip 125/561 (15s)
[slambench]   clip 130/561 (16s)
[slambench]   clip 135/561 (17s)
[slambench]   clip 140/561 (17s)
[slambench]   clip 145/561 (18s)
[slambench]   clip 150/561 (19s)
[slambench]   clip 155/561 (19s)
[slambench]   clip 160/561 (20s)
[slambench]   clip 165/561 (20s)
[slambench]   clip 170/561 (21s)
[slambench]   clip 175/561 (21s)
[slambench]   clip 180/561 (22s)
[slambench]   clip 185/561 (22s)
[slambench]   clip 190/561 (22s)
[slambench]   clip 195/561 (23s)
[slambench]   clip 200/561 (23s)
[slambench]   clip 205/561 (24s)
[slambench]   clip 210/561 (24s)
[slambench]   clip 215/561 (24s)
[slambench]   clip 220/561 (25s)
[slambench]   clip 225/561 (25s)
[slambench]   clip 230/561 (26s)
[slambench]   clip 235/561 (26s)
[slambench]   clip 240/561 (26s)
[slambench]   clip 245/561 (27s)
[slambench]   clip 250/561 (27s)
[slambench]   clip 255/561 (28s)
[slambench]   clip 260/561 (28s)
[slambench]   clip 265/561 (29s)
[slambench]   clip 270/561 (29s)
[slambench]   clip 275/561 (29s)
[slambench]   clip 280/561 (30s)
[slambench]   clip 285/561 (30s)
[slambench]   clip 290/561 (31s)
[slambench]   clip 295/561 (31s)
[slambench]   clip 300/561 (32s)
[slambench]   clip 305/561 (32s)
[slambench]   clip 310/561 (32s)
[slambench]   clip 315/561 (33s)
[slambench]   clip 320/561 (33s)
[slambench]   clip 325/561 (34s)
[slambench]   clip 330/561 (34s)
[slambench]   clip 335/561 (34s)
[slambench]   clip 340/561 (35s)
[slambench]   clip 345/561 (35s)
[slambench]   clip 350/561 (36s)
[slambench]   clip 355/561 (36s)
[slambench]   clip 360/561 (37s)
[slambench]   clip 365/561 (37s)
[slambench]   clip 370/561 (38s)
[slambench]   clip 375/561 (38s)
[slambench]   clip 380/561 (38s)
[slambench]   clip 385/561 (39s)
[slambench]   clip 390/561 (40s)
[slambench]   clip 395/561 (40s)
[slambench]   clip 400/561 (41s)
[slambench]   clip 405/561 (41s)
[slambench]   clip 410/561 (41s)
[slambench]   clip 415/561 (42s)
[slambench]   clip 420/561 (42s)
[slambench]   clip 425/561 (43s)
[slambench]   clip 430/561 (44s)
[slambench]   clip 435/561 (44s)
[slambench]   clip 440/561 (45s)
[slambench]   clip 445/561 (45s)
[slambench]   clip 450/561 (46s)
[slambench]   clip 455/561 (46s)
[slambench]   clip 460/561 (47s)
[slambench]   clip 465/561 (47s)
[slambench]   clip 470/561 (48s)
[slambench]   clip 475/561 (49s)
[slambench]   clip 480/561 (49s)
[slambench]   clip 485/561 (50s)
[slambench]   clip 490/561 (50s)
[slambench]   clip 495/561 (51s)
[slambench]   clip 500/561 (51s)
[slambench]   clip 505/561 (52s)
[slambench]   clip 510/561 (52s)
[slambench]   clip 515/561 (53s)
[slambench]   clip 520/561 (53s)
[slambench]   clip 525/561 (54s)
[slambench]   clip 530/561 (54s)
[slambench]   clip 535/561 (55s)
[slambench]   clip 540/561 (55s)
[slambench]   clip 545/561 (56s)
[slambench]   clip 550/561 (56s)
[slambench]   clip 555/561 (57s)
[slambench]   clip 560/561 (57s)
[slambench]   done in 57s

[slambench] ══ da3_large ══
[97m[INFO ] using MLP layer as FFN[0m
[slambench]   Depth-Anything-3 Large | 411M | align=scale_shift | frames at 518px
[slambench]   clip 5/561 (3s)
[slambench]   clip 10/561 (3s)
[slambench]   clip 15/561 (4s)
[slambench]   clip 20/561 (4s)
[slambench]   clip 25/561 (5s)
[slambench]   clip 30/561 (6s)
[slambench]   clip 35/561 (6s)
[slambench]   clip 40/561 (7s)
[slambench]   clip 45/561 (7s)
[slambench]   clip 50/561 (8s)
[slambench]   clip 55/561 (9s)
[slambench]   clip 60/561 (10s)
[slambench]   clip 65/561 (10s)
[slambench]   clip 70/561 (11s)
[slambench]   clip 75/561 (12s)
[slambench]   clip 80/561 (13s)
[slambench]   clip 85/561 (13s)
[slambench]   clip 90/561 (14s)
[slambench]   clip 95/561 (14s)
[slambench]   clip 100/561 (15s)
[slambench]   clip 105/561 (15s)
[slambench]   clip 110/561 (16s)
[slambench]   clip 115/561 (17s)
[slambench]   clip 120/561 (18s)
[slambench]   clip 125/561 (18s)
[slambench]   clip 130/561 (19s)
[slambench]   clip 135/561 (20s)
[slambench]   clip 140/561 (21s)
[slambench]   clip 145/561 (22s)
[slambench]   clip 150/561 (22s)
[slambench]   clip 155/561 (23s)
[slambench]   clip 160/561 (24s)
[slambench]   clip 165/561 (24s)
[slambench]   clip 170/561 (25s)
[slambench]   clip 175/561 (25s)
[slambench]   clip 180/561 (26s)
[slambench]   clip 185/561 (26s)
[slambench]   clip 190/561 (27s)
[slambench]   clip 195/561 (28s)
[slambench]   clip 200/561 (28s)
[slambench]   clip 205/561 (29s)
[slambench]   clip 210/561 (29s)
[slambench]   clip 215/561 (30s)
[slambench]   clip 220/561 (30s)
[slambench]   clip 225/561 (31s)
[slambench]   clip 230/561 (31s)
[slambench]   clip 235/561 (32s)
[slambench]   clip 240/561 (32s)
[slambench]   clip 245/561 (33s)
[slambench]   clip 250/561 (33s)
[slambench]   clip 255/561 (34s)
[slambench]   clip 260/561 (34s)
[slambench]   clip 265/561 (35s)
[slambench]   clip 270/561 (35s)
[slambench]   clip 275/561 (36s)
[slambench]   clip 280/561 (36s)
[slambench]   clip 285/561 (37s)
[slambench]   clip 290/561 (37s)
[slambench]   clip 295/561 (38s)
[slambench]   clip 300/561 (39s)
[slambench]   clip 305/561 (39s)
[slambench]   clip 310/561 (40s)
[slambench]   clip 315/561 (40s)
[slambench]   clip 320/561 (41s)
[slambench]   clip 325/561 (41s)
[slambench]   clip 330/561 (42s)
[slambench]   clip 335/561 (42s)
[slambench]   clip 340/561 (43s)
[slambench]   clip 345/561 (43s)
[slambench]   clip 350/561 (44s)
[slambench]   clip 355/561 (44s)
[slambench]   clip 360/561 (45s)
[slambench]   clip 365/561 (46s)
[slambench]   clip 370/561 (46s)
[slambench]   clip 375/561 (47s)
[slambench]   clip 380/561 (47s)
[slambench]   clip 385/561 (48s)
[slambench]   clip 390/561 (48s)
[slambench]   clip 395/561 (49s)
[slambench]   clip 400/561 (50s)
[slambench]   clip 405/561 (50s)
[slambench]   clip 410/561 (51s)
[slambench]   clip 415/561 (52s)
[slambench]   clip 420/561 (52s)
[slambench]   clip 425/561 (53s)
[slambench]   clip 430/561 (54s)
[slambench]   clip 435/561 (54s)
[slambench]   clip 440/561 (55s)
[slambench]   clip 445/561 (56s)
[slambench]   clip 450/561 (56s)
[slambench]   clip 455/561 (57s)
[slambench]   clip 460/561 (58s)
[slambench]   clip 465/561 (58s)
[slambench]   clip 470/561 (59s)
[slambench]   clip 475/561 (59s)
[slambench]   clip 480/561 (60s)
[slambench]   clip 485/561 (61s)
[slambench]   clip 490/561 (61s)
[slambench]   clip 495/561 (62s)
[slambench]   clip 500/561 (63s)
[slambench]   clip 505/561 (63s)
[slambench]   clip 510/561 (64s)
[slambench]   clip 515/561 (65s)
[slambench]   clip 520/561 (65s)
[slambench]   clip 525/561 (66s)
[slambench]   clip 530/561 (67s)
[slambench]   clip 535/561 (67s)
[slambench]   clip 540/561 (68s)
[slambench]   clip 545/561 (68s)
[slambench]   clip 550/561 (69s)
[slambench]   clip 555/561 (69s)
[slambench]   clip 560/561 (70s)
[slambench]   done in 70s

============================================================================================
  ego-synth SLAM depth · egosynth-slam-v1 · split 321f55a96bd4
============================================================================================
  600 frames over 24 take(s), datasets: aea, nymeria, oxford
  GT: sparse MPS SLAM points, fisheye stream, native — the harness rectifies nothing
  cut at inv_dist_std (1/m, scale-invariant) < 0.01 (the release ships UNFILTERED, so this is part of every number below)
  baselines ['raw'] · 8 take(s)/dataset · 25 frame(s)/take

  PROTOCOL: the scale (and shift) is fitted ONCE per frame over every one
  of that frame's points, then frozen. Frames combine unweighted. Each
  model keeps its own alignment space — disparity for Depth-Anything V2,
  depth for the up-to-scale heads — so ABSOLUTE AbsRel IS NOT COMPARABLE
  ACROSS MODELS. It is comparable across baselines of one model.

  BASELINE · raw
  ----------------------------------------------------------------------------------------------
  model         dataset       AbsRel   delta1   delta2     RMSE    log10   cover  gt_med  frames
  ----------------------------------------------------------------------------------------------
  da3_large     aea            0.207    0.752    0.899    0.718    0.081    1.00    1.40     200
  da3_large     nymeria        0.173    0.789    0.930    0.516    0.068    1.00    1.57     200
  da3_large     oxford         0.517    0.522    0.732    9.031    0.161    1.00   15.07     200
  da3_small     aea            0.240    0.687    0.877    0.757    0.092    1.00    1.40     200
  da3_small     nymeria        0.206    0.720    0.913    0.561    0.081    1.00    1.57     200
  da3_small     oxford         0.740    0.425    0.638   10.472    0.197    1.00   15.07     200
  dav2_large    aea            0.159    0.837    0.931    0.810    0.066    1.00    1.40     200
  dav2_large    nymeria        0.145    0.838    0.950    0.579    0.062    1.00    1.57     200
  dav2_large    oxford         0.302    0.675    0.832   10.836    0.113    1.00   15.07     200
  vggt_1b       aea            0.199    0.760    0.902    0.727    0.080    1.00    1.40     200
  vggt_1b       nymeria        0.145    0.826    0.937    0.500    0.064    1.00    1.57     200
  vggt_1b       oxford         0.357    0.559    0.785    7.601    0.139    1.00   15.07     200
  vggt_omega    aea            0.151    0.845    0.938    0.662    0.061    1.00    1.40     200
  vggt_omega    nymeria        0.121    0.882    0.961    0.466    0.049    1.00    1.57     200
  vggt_omega    oxford         0.275    0.707    0.869    6.221    0.098    1.00   15.07     200

  MODELS
  ------------------------------------------------------------
  da3_large     Depth-Anything-3 Large · 411M · align=scale_shift · frames at 518px
  da3_small     Depth-Anything-3 Small · 34M · align=scale_shift · frames at 518px
  dav2_large    Depth-Anything-V2 Large · 335M · align=disparity_scale_shift · frames at 518px
  vggt_1b       VGGT 1B · 1191M · align=scale_shift · frames at 518px
  vggt_omega    VGGT-Omega 1B/512 · 1144M · align=scale_shift · frames at 512px


[slambench] wrote eval_out/slambench_raw/results.json (+ csv, report.txt)
