Warning: You are sending unauthenticated requests to the HF Hub. Please set a HF_TOKEN to enable higher rate limits and faster downloads.
/user/f.zhang2/projects/vggt-omega-organized/VGGT-360-fisheye/vggt_visfeat/models/vggt.py:72: FutureWarning: `torch.cuda.amp.autocast(args...)` is deprecated. Please use `torch.amp.autocast('cuda', args...)` instead.
  with torch.cuda.amp.autocast(enabled=False):
/user/f.zhang2/projects/vggt-omega-organized/VGGT-360-fisheye/vggt_visfeat/models/vggt.py:72: FutureWarning: `torch.cuda.amp.autocast(args...)` is deprecated. Please use `torch.amp.autocast('cuda', args...)` instead.
  with torch.cuda.amp.autocast(enabled=False):
autocast: torch.bfloat16
loading facebook/VGGT-1B ...
  weight check OK: all 1403 keys matched
  [ADT] 1 usable sequence(s) (need: depth_npy, videos_synthetic)
  [ADT]   SKIP Apartment_release_clean_seq133_M1292: missing/empty ['videos_synthetic']
  [ADT]   SKIP Apartment_release_clean_seq134_M1292: missing/empty ['videos_synthetic']
  [ADT]   SKIP Apartment_release_clean_seq135_M1292: missing/empty ['videos_synthetic']
  [ADT]   SKIP Apartment_release_clean_seq136_M1292: missing/empty ['videos_synthetic']
  [ADT]   SKIP Apartment_release_clean_seq137_M1292: missing/empty ['depth_npy', 'videos_synthetic']
  [ADT]   SKIP Apartment_release_clean_seq138_M1292: missing/empty ['depth_npy', 'videos_synthetic']
  [ADT]   SKIP Apartment_release_clean_seq140_M1292: missing/empty ['depth_npy', 'videos_synthetic']
  [ADT]   SKIP Apartment_release_clean_seq141_M1292: missing/empty ['depth_npy', 'videos_synthetic']
  [ADT]   SKIP Apartment_release_clean_seq142_M1292: missing/empty ['depth_npy', 'videos_synthetic']
  [ADT]   SKIP Apartment_release_clean_seq143_M1292: missing/empty ['depth_npy', 'videos_synthetic']
  [ADT]   SKIP Apartment_release_clean_seq144_M1292: missing/empty ['depth_npy', 'videos_synthetic']
  [ADT]   SKIP Apartment_release_clean_seq145_M1292: missing/empty ['depth_npy', 'videos_synthetic']
  [ADT]   SKIP Apartment_release_clean_seq146_M1292: missing/empty ['depth_npy', 'videos_synthetic']
  [ADT]   SKIP Apartment_release_clean_seq147_M1292: missing/empty ['depth_npy', 'videos_synthetic']
  [ADT]   SKIP Apartment_release_clean_seq148_M1292: missing/empty ['depth_npy', 'videos_synthetic']
  [ADT]   SKIP Apartment_release_clean_seq149_M1292: missing/empty ['depth_npy', 'videos_synthetic']
  [ADT]   SKIP Apartment_release_clean_seq150_M1292: missing/empty ['depth_npy', 'videos_synthetic']
  [ADT]   SKIP Apartment_release_decoration_seq132_M1292: missing/empty ['videos_synthetic']
  [ADT]   SKIP exocentric_rendered: missing/empty ['depth_npy', 'videos_synthetic']
  [ADT] 100 frames <- Apartment_release_clean_seq131_M1292 (61 depth maps had no RGB partner)
  [1/100] views=10  AbsRel=0.0821  delta1=0.9525
  [10/100] views=10  AbsRel=0.0750  delta1=0.9668
  [20/100] views=10  AbsRel=0.0663  delta1=0.9719
  [30/100] views=10  AbsRel=0.0630  delta1=0.9741
  [40/100] views=10  AbsRel=0.0690  delta1=0.9761
  [50/100] views=10  AbsRel=0.0601  delta1=0.9770
  [60/100] views=10  AbsRel=0.0784  delta1=0.9498
  [70/100] views=10  AbsRel=0.0879  delta1=0.9228
  [80/100] views=10  AbsRel=0.0910  delta1=0.9231
  [90/100] views=10  AbsRel=0.0913  delta1=0.9162
  [100/100] views=10  AbsRel=0.0936  delta1=0.9123

============================================================
  VGGT-360-fisheye (attn) [z-domain]  [scale_shift]  (n_frames=100)
============================================================
  AbsRel    : 0.0771
  SqRel     : 0.0341
  RMSE      : 0.3458
  RMSElog   : 0.1343
  log10     : 0.0347
  delta1    : 95.09%
  delta2    : 98.34%
  delta3    : 99.10%
  scale_ratio: 0.9769  (1.0 = perfect metric)
============================================================


============================================================
  VGGT-360-fisheye (attn) [z-domain]  [scale_only]  (n_frames=100)
============================================================
  AbsRel    : 0.1147
  SqRel     : 0.0518
  RMSE      : 0.4413
  RMSElog   : 0.1639
  log10     : 0.0499
  delta1    : 89.82%
  delta2    : 98.15%
  delta3    : 99.05%
  scale_ratio: 1.0000  (1.0 = perfect metric)
============================================================


============================================================
  VGGT-360-fisheye (attn) [range-domain]  [scale_shift]  (n_frames=100)
============================================================
  AbsRel    : 0.0689
  SqRel     : 0.0430
  RMSE      : 0.4522
  RMSElog   : 0.1276
  log10     : 0.0310
  delta1    : 96.38%
  delta2    : 98.33%
  delta3    : 99.09%
  scale_ratio: 0.9803  (1.0 = perfect metric)
============================================================


============================================================
  VGGT-360-fisheye (attn) [range-domain]  [scale_only]  (n_frames=100)
============================================================
  AbsRel    : 0.1147
  SqRel     : 0.0683
  RMSE      : 0.5879
  RMSElog   : 0.1639
  log10     : 0.0499
  delta1    : 89.82%
  delta2    : 98.15%
  delta3    : 99.05%
  scale_ratio: 1.0000  (1.0 = perfect metric)
============================================================

