Warning: You are sending unauthenticated requests to the HF Hub. Please set a HF_TOKEN to enable higher rate limits and faster downloads.
/user/f.zhang2/projects/vggt-omega-organized/VGGT-360-fisheye/vggt_visfeat/models/vggt.py:72: FutureWarning: `torch.cuda.amp.autocast(args...)` is deprecated. Please use `torch.amp.autocast('cuda', args...)` instead.
  with torch.cuda.amp.autocast(enabled=False):
/user/f.zhang2/projects/vggt-omega-organized/VGGT-360-fisheye/vggt_visfeat/models/vggt.py:72: FutureWarning: `torch.cuda.amp.autocast(args...)` is deprecated. Please use `torch.amp.autocast('cuda', args...)` instead.
  with torch.cuda.amp.autocast(enabled=False):
autocast: torch.bfloat16
loading facebook/VGGT-1B ...
  weight check OK: all 1403 keys matched
  [ADT] 1 usable sequence(s) (need: depth_npy, videos_synthetic)
  [ADT]   SKIP Apartment_release_clean_seq133_M1292: missing/empty ['videos_synthetic']
  [ADT]   SKIP Apartment_release_clean_seq134_M1292: missing/empty ['videos_synthetic']
  [ADT]   SKIP Apartment_release_clean_seq135_M1292: missing/empty ['videos_synthetic']
  [ADT]   SKIP Apartment_release_clean_seq136_M1292: missing/empty ['videos_synthetic']
  [ADT]   SKIP Apartment_release_clean_seq137_M1292: missing/empty ['depth_npy', 'videos_synthetic']
  [ADT]   SKIP Apartment_release_clean_seq138_M1292: missing/empty ['depth_npy', 'videos_synthetic']
  [ADT]   SKIP Apartment_release_clean_seq140_M1292: missing/empty ['depth_npy', 'videos_synthetic']
  [ADT]   SKIP Apartment_release_clean_seq141_M1292: missing/empty ['depth_npy', 'videos_synthetic']
  [ADT]   SKIP Apartment_release_clean_seq142_M1292: missing/empty ['depth_npy', 'videos_synthetic']
  [ADT]   SKIP Apartment_release_clean_seq143_M1292: missing/empty ['depth_npy', 'videos_synthetic']
  [ADT]   SKIP Apartment_release_clean_seq144_M1292: missing/empty ['depth_npy', 'videos_synthetic']
  [ADT]   SKIP Apartment_release_clean_seq145_M1292: missing/empty ['depth_npy', 'videos_synthetic']
  [ADT]   SKIP Apartment_release_clean_seq146_M1292: missing/empty ['depth_npy', 'videos_synthetic']
  [ADT]   SKIP Apartment_release_clean_seq147_M1292: missing/empty ['depth_npy', 'videos_synthetic']
  [ADT]   SKIP Apartment_release_clean_seq148_M1292: missing/empty ['depth_npy', 'videos_synthetic']
  [ADT]   SKIP Apartment_release_clean_seq149_M1292: missing/empty ['depth_npy', 'videos_synthetic']
  [ADT]   SKIP Apartment_release_clean_seq150_M1292: missing/empty ['depth_npy', 'videos_synthetic']
  [ADT]   SKIP Apartment_release_decoration_seq132_M1292: missing/empty ['videos_synthetic']
  [ADT]   SKIP exocentric_rendered: missing/empty ['depth_npy', 'videos_synthetic']
  [ADT] 100 frames <- Apartment_release_clean_seq131_M1292 (61 depth maps had no RGB partner)
  [1/100] views=9  AbsRel=0.6653  delta1=0.2176
  [10/100] views=9  AbsRel=0.3754  delta1=0.4840
  [20/100] views=9  AbsRel=0.8802  delta1=0.2574
  [30/100] views=9  AbsRel=0.3457  delta1=0.5537
  [40/100] views=9  AbsRel=0.5012  delta1=0.4456
  [50/100] views=9  AbsRel=0.4387  delta1=0.5356
  [60/100] views=9  AbsRel=1.0370  delta1=0.2364
  [70/100] views=9  AbsRel=1.1379  delta1=0.3017
  [80/100] views=9  AbsRel=0.3702  delta1=0.3961
  [90/100] views=9  AbsRel=0.2651  delta1=0.4867
  [100/100] views=9  AbsRel=0.2719  delta1=0.4801

============================================================
  VGGT-360-fisheye (attn) [z-domain]  [scale_shift]  (n_frames=100)
============================================================
  AbsRel    : 0.5820
  SqRel     : 0.7769
  RMSE      : 1.0747
  RMSElog   : 0.5478
  log10     : 0.1870
  delta1    : 37.79%
  delta2    : 62.54%
  delta3    : 77.49%
  scale_ratio: 0.9578  (1.0 = perfect metric)
============================================================


============================================================
  VGGT-360-fisheye (attn) [z-domain]  [scale_only]  (n_frames=100)
============================================================
  AbsRel    : 0.6420
  SqRel     : 1.0402
  RMSE      : 1.1705
  RMSElog   : 0.5664
  log10     : 0.1928
  delta1    : 39.03%
  delta2    : 60.85%
  delta3    : 74.84%
  scale_ratio: 1.0000  (1.0 = perfect metric)
============================================================


============================================================
  VGGT-360-fisheye (attn) [range-domain]  [scale_shift]  (n_frames=100)
============================================================
  AbsRel    : 0.5416
  SqRel     : 0.9007
  RMSE      : 1.3559
  RMSElog   : 0.5204
  log10     : 0.1773
  delta1    : 39.81%
  delta2    : 64.62%
  delta3    : 79.63%
  scale_ratio: 0.9428  (1.0 = perfect metric)
============================================================


============================================================
  VGGT-360-fisheye (attn) [range-domain]  [scale_only]  (n_frames=100)
============================================================
  AbsRel    : 0.6420
  SqRel     : 1.3101
  RMSE      : 1.5052
  RMSElog   : 0.5664
  log10     : 0.1928
  delta1    : 39.03%
  delta2    : 60.85%
  delta3    : 74.84%
  scale_ratio: 1.0000  (1.0 = perfect metric)
============================================================

