Warning: You are sending unauthenticated requests to the HF Hub. Please set a HF_TOKEN to enable higher rate limits and faster downloads.
/user/f.zhang2/projects/vggt-omega-organized/VGGT-360-fisheye/vggt_visfeat/models/vggt.py:72: FutureWarning: `torch.cuda.amp.autocast(args...)` is deprecated. Please use `torch.amp.autocast('cuda', args...)` instead.
  with torch.cuda.amp.autocast(enabled=False):
/user/f.zhang2/projects/vggt-omega-organized/VGGT-360-fisheye/vggt_visfeat/models/vggt.py:72: FutureWarning: `torch.cuda.amp.autocast(args...)` is deprecated. Please use `torch.amp.autocast('cuda', args...)` instead.
  with torch.cuda.amp.autocast(enabled=False):
WARNING: running VGGT-1B on CPU will be extremely slow.
[vggt360] loading facebook/VGGT-1B (fov100 tilt26 ring8 fuse=attn head=point adaptive sa-mask 512px bf16)
[vggt360]   weight check OK: 1403 keys matched
  [ADT] 6 usable sequence(s) (need: depth_npy, videos_synthetic)
  [ADT]   SKIP Apartment_release_clean_seq137_M1292: missing/empty ['depth_npy', 'videos_synthetic']
  [ADT]   SKIP Apartment_release_clean_seq138_M1292: missing/empty ['depth_npy', 'videos_synthetic']
  [ADT]   SKIP Apartment_release_clean_seq140_M1292: missing/empty ['depth_npy', 'videos_synthetic']
  [ADT]   SKIP Apartment_release_clean_seq141_M1292: missing/empty ['depth_npy', 'videos_synthetic']
  [ADT]   SKIP Apartment_release_clean_seq142_M1292: missing/empty ['depth_npy', 'videos_synthetic']
  [ADT]   SKIP Apartment_release_clean_seq143_M1292: missing/empty ['depth_npy', 'videos_synthetic']
  [ADT]   SKIP Apartment_release_clean_seq144_M1292: missing/empty ['depth_npy', 'videos_synthetic']
  [ADT]   SKIP Apartment_release_clean_seq145_M1292: missing/empty ['depth_npy', 'videos_synthetic']
  [ADT]   SKIP Apartment_release_clean_seq146_M1292: missing/empty ['depth_npy', 'videos_synthetic']
  [ADT]   SKIP Apartment_release_clean_seq147_M1292: missing/empty ['depth_npy', 'videos_synthetic']
  [ADT]   SKIP Apartment_release_clean_seq148_M1292: missing/empty ['depth_npy', 'videos_synthetic']
  [ADT]   SKIP Apartment_release_clean_seq149_M1292: missing/empty ['depth_npy', 'videos_synthetic']
  [ADT]   SKIP Apartment_release_clean_seq150_M1292: missing/empty ['depth_npy', 'videos_synthetic']
  [ADT]   SKIP exocentric_rendered: missing/empty ['depth_npy', 'videos_synthetic']
  [ADT] 100 frames <- Apartment_release_clean_seq131_M1292 (61 depth maps had no RGB partner)
  [ADT] 100 frames <- Apartment_release_clean_seq133_M1292 (2504 depth maps had no RGB partner)
  [ADT] 100 frames <- Apartment_release_clean_seq134_M1292 (2476 depth maps had no RGB partner)
  [ADT] 100 frames <- Apartment_release_clean_seq135_M1292 (2540 depth maps had no RGB partner)
  [ADT] 100 frames <- Apartment_release_clean_seq136_M1292 (2539 depth maps had no RGB partner)
  [ADT] 100 frames <- Apartment_release_decoration_seq132_M1292 (2391 depth maps had no RGB partner)
  [1/600] views=9  AbsRel=0.1803  delta1=0.7206
  [10/600] views=9  AbsRel=0.1374  delta1=0.8083
  [20/600] views=9  AbsRel=0.3031  delta1=0.5013
  [30/600] views=9  AbsRel=0.2182  delta1=0.6174
  [40/600] views=9  AbsRel=0.1671  delta1=0.7108
  [50/600] views=9  AbsRel=0.1631  delta1=0.7269
  [60/600] views=9  AbsRel=0.1978  delta1=0.6689
  [70/600] views=9  AbsRel=0.2198  delta1=0.6189
  [80/600] views=9  AbsRel=0.2240  delta1=0.5522
  [90/600] views=9  AbsRel=0.1919  delta1=0.6954
  [100/600] views=9  AbsRel=0.1563  delta1=0.8156
  [110/600] views=9  AbsRel=0.1902  delta1=0.7044
  [120/600] views=9  AbsRel=0.1234  delta1=0.9238
  [130/600] views=9  AbsRel=0.0332  delta1=0.9938
  [140/600] views=9  AbsRel=0.1566  delta1=0.7531
  [150/600] views=9  AbsRel=0.0981  delta1=0.9248
  [160/600] views=9  AbsRel=0.1797  delta1=0.8936
  [170/600] views=9  AbsRel=0.1851  delta1=0.8621
  [180/600] views=9  AbsRel=0.1516  delta1=0.8462
  [190/600] views=9  AbsRel=0.3162  delta1=0.3771
  [200/600] views=9  AbsRel=0.3292  delta1=0.3262
  [210/600] views=9  AbsRel=0.1248  delta1=0.8389
  [220/600] views=9  AbsRel=0.3196  delta1=0.2892
  [230/600] views=9  AbsRel=0.1470  delta1=0.8934
  [240/600] views=9  AbsRel=0.0633  delta1=0.9714
  [250/600] views=9  AbsRel=0.0739  delta1=0.9764
  [260/600] views=9  AbsRel=0.0686  delta1=0.9819
  [270/600] views=9  AbsRel=0.0521  delta1=0.9877
  [280/600] views=9  AbsRel=0.3357  delta1=0.4062
  [290/600] views=9  AbsRel=0.1081  delta1=0.9069
  [300/600] views=9  AbsRel=0.2022  delta1=0.6523
  [310/600] views=9  AbsRel=0.0722  delta1=0.9557
  [320/600] views=9  AbsRel=0.2919  delta1=0.6608
  [330/600] views=9  AbsRel=0.1506  delta1=0.8668
  [340/600] views=9  AbsRel=0.2073  delta1=0.6518
  [350/600] views=9  AbsRel=0.1674  delta1=0.7419
  [360/600] views=9  AbsRel=0.1558  delta1=0.8429
  [370/600] views=9  AbsRel=0.1712  delta1=0.8208
  [380/600] views=9  AbsRel=0.3378  delta1=0.4601
  [390/600] views=9  AbsRel=0.2230  delta1=0.5746
  [400/600] views=9  AbsRel=0.2319  delta1=0.6919
  [410/600] views=9  AbsRel=0.3076  delta1=0.4930
  [420/600] views=9  AbsRel=0.1678  delta1=0.7571
  [430/600] views=9  AbsRel=0.5173  delta1=0.1762
  [440/600] views=9  AbsRel=0.2159  delta1=0.7833
  [450/600] views=9  AbsRel=0.1403  delta1=0.8677
  [460/600] views=9  AbsRel=0.1629  delta1=0.7890
  [470/600] views=9  AbsRel=0.1643  delta1=0.7474
  [480/600] views=9  AbsRel=0.5591  delta1=0.2408
  [490/600] views=9  AbsRel=0.1129  delta1=0.9072
  [500/600] views=9  AbsRel=0.1257  delta1=0.8877
  [510/600] views=9  AbsRel=0.0823  delta1=0.9796
  [520/600] views=9  AbsRel=0.0856  delta1=0.9803
  [530/600] views=9  AbsRel=0.1504  delta1=0.7793
  [540/600] views=9  AbsRel=0.2441  delta1=0.4733
  [550/600] views=9  AbsRel=0.4248  delta1=0.6070
  [560/600] views=9  AbsRel=0.3307  delta1=0.6706
  [570/600] views=9  AbsRel=0.3785  delta1=0.6627
  [580/600] views=9  AbsRel=0.3075  delta1=0.7597
  [590/600] views=9  AbsRel=0.1664  delta1=0.8455
  [600/600] views=9  AbsRel=0.4778  delta1=0.5704

============================================================
  VGGT-360-fisheye (attn) [z-domain]  [scale_shift]  (n_frames=600)
============================================================
  AbsRel    : 0.2045
  SqRel     : 0.1553
  RMSE      : 0.6008
  RMSElog   : 0.2576
  log10     : 0.0813
  delta1    : 73.31%
  delta2    : 91.21%
  delta3    : 95.87%
  scale_ratio: 0.9371  (residual after scale_shift; ~1.0 by construction, not a grade)
============================================================


============================================================
  VGGT-360-fisheye (attn) [range-domain]  [scale_shift]  (n_frames=600)
============================================================
  AbsRel    : 0.2163
  SqRel     : 0.2190
  RMSE      : 0.8201
  RMSElog   : 0.2601
  log10     : 0.0836
  delta1    : 71.46%
  delta2    : 90.85%
  delta3    : 95.76%
  scale_ratio: 0.9312  (residual after scale_shift; ~1.0 by construction, not a grade)
============================================================

