render size 512 (native token grid for vggt_omega; override with --persp-size)
  [ADT] 1 usable sequence(s) (need: depth_npy, videos_synthetic)
  [ADT]   SKIP Apartment_release_clean_seq133_M1292: missing/empty ['videos_synthetic']
  [ADT]   SKIP Apartment_release_clean_seq134_M1292: missing/empty ['videos_synthetic']
  [ADT]   SKIP Apartment_release_clean_seq135_M1292: missing/empty ['videos_synthetic']
  [ADT]   SKIP Apartment_release_clean_seq136_M1292: missing/empty ['videos_synthetic']
  [ADT]   SKIP Apartment_release_clean_seq137_M1292: missing/empty ['videos_synthetic']
  [ADT]   SKIP Apartment_release_clean_seq138_M1292: missing/empty ['videos_synthetic']
  [ADT]   SKIP Apartment_release_clean_seq140_M1292: missing/empty ['videos_synthetic']
  [ADT]   SKIP Apartment_release_clean_seq141_M1292: missing/empty ['videos_synthetic']
  [ADT]   SKIP Apartment_release_clean_seq142_M1292: missing/empty ['videos_synthetic']
  [ADT]   SKIP Apartment_release_clean_seq143_M1292: missing/empty ['videos_synthetic']
  [ADT]   SKIP Apartment_release_clean_seq144_M1292: missing/empty ['videos_synthetic']
  [ADT]   SKIP Apartment_release_clean_seq145_M1292: missing/empty ['videos_synthetic']
  [ADT]   SKIP Apartment_release_clean_seq146_M1292: missing/empty ['videos_synthetic']
  [ADT]   SKIP Apartment_release_clean_seq147_M1292: missing/empty ['videos_synthetic']
  [ADT]   SKIP Apartment_release_clean_seq148_M1292: missing/empty ['videos_synthetic']
  [ADT]   SKIP Apartment_release_clean_seq149_M1292: missing/empty ['depth_npy', 'videos_synthetic']
  [ADT]   SKIP Apartment_release_clean_seq150_M1292: missing/empty ['depth_npy', 'videos_synthetic']
  [ADT] 121 frames <- Apartment_release_clean_seq131_M1292 (61 depth maps had no RGB partner)
loading VGGT-Omega from /group-volume/Fengjia/projects/vggt-omega/checkpoints/VGGT-Omega-1B-512/model.pt on cuda (torch.bfloat16) ...
====================================================================
weight check OK: all model keys matched (no random-init layers).
====================================================================

config                          true_fov  infer(h,w)      align
tangent_fov40_none                    40    39.4, 39.2    20.0%
tangent_fov60_none                    60    60.3, 60.3    24.2%
tangent_fov80_none                    80    74.9, 74.9    26.6%
tangent_fov100_none                  100    99.9,100.1    22.8%
tangent_fov110_none                  110   105.4,105.4    20.2%
tangent_fov120_none                  120   108.6,108.3    16.1%
raw_roi_fov40_none                    40    38.2, 38.0    19.2%
raw_roi_fov60_none                    60    54.7, 54.7    21.4%
raw_roi_fov80_none                    80    67.1, 67.2    22.6%
raw_roi_fov100_none                  100    76.2, 76.6    22.1%
raw_roi_fov110_none                  110    85.9, 86.2    23.0%
raw_roi_fov120_none                  120    88.7, 88.8    20.6%
rectifier_fovrect_none                85    84.2, 84.2    26.7%

done — 13 configs. See VGGT-360-fisheye/outputs/sweep_f120/ (summary.csv, align_vs_fov.png, grid.png, per-config *.png)
