Warning: You are sending unauthenticated requests to the HF Hub. Please set a HF_TOKEN to enable higher rate limits and faster downloads.
/user/f.zhang2/projects/vggt-omega-organized/VGGT-360-fisheye/vggt_visfeat/models/vggt.py:72: FutureWarning: `torch.cuda.amp.autocast(args...)` is deprecated. Please use `torch.amp.autocast('cuda', args...)` instead.
  with torch.cuda.amp.autocast(enabled=False):
render size 518 (native token grid for vggt1b; override with --persp-size)
  [ADT] 1 usable sequence(s) (need: depth_npy, videos_synthetic)
  [ADT]   SKIP Apartment_release_clean_seq133_M1292: missing/empty ['videos_synthetic']
  [ADT]   SKIP Apartment_release_clean_seq134_M1292: missing/empty ['videos_synthetic']
  [ADT]   SKIP Apartment_release_clean_seq135_M1292: missing/empty ['videos_synthetic']
  [ADT]   SKIP Apartment_release_clean_seq136_M1292: missing/empty ['videos_synthetic']
  [ADT]   SKIP Apartment_release_clean_seq137_M1292: missing/empty ['depth_npy', 'videos_synthetic']
  [ADT]   SKIP Apartment_release_clean_seq138_M1292: missing/empty ['depth_npy', 'videos_synthetic']
  [ADT]   SKIP Apartment_release_clean_seq140_M1292: missing/empty ['depth_npy', 'videos_synthetic']
  [ADT]   SKIP Apartment_release_clean_seq141_M1292: missing/empty ['depth_npy', 'videos_synthetic']
  [ADT]   SKIP Apartment_release_clean_seq142_M1292: missing/empty ['depth_npy', 'videos_synthetic']
  [ADT]   SKIP Apartment_release_clean_seq143_M1292: missing/empty ['depth_npy', 'videos_synthetic']
  [ADT]   SKIP Apartment_release_clean_seq144_M1292: missing/empty ['depth_npy', 'videos_synthetic']
  [ADT]   SKIP Apartment_release_clean_seq145_M1292: missing/empty ['depth_npy', 'videos_synthetic']
  [ADT]   SKIP Apartment_release_clean_seq146_M1292: missing/empty ['depth_npy', 'videos_synthetic']
  [ADT]   SKIP Apartment_release_clean_seq147_M1292: missing/empty ['depth_npy', 'videos_synthetic']
  [ADT]   SKIP Apartment_release_clean_seq148_M1292: missing/empty ['depth_npy', 'videos_synthetic']
  [ADT]   SKIP Apartment_release_clean_seq149_M1292: missing/empty ['depth_npy', 'videos_synthetic']
  [ADT]   SKIP Apartment_release_clean_seq150_M1292: missing/empty ['depth_npy', 'videos_synthetic']
  [ADT]   SKIP Apartment_release_decoration_seq132_M1292: missing/empty ['videos_synthetic']
  [ADT]   SKIP exocentric_rendered: missing/empty ['depth_npy', 'videos_synthetic']
  [ADT] 121 frames <- Apartment_release_clean_seq131_M1292 (61 depth maps had no RGB partner)
loading facebook/VGGT-1B on cuda (torch.bfloat16) ...
====================================================================
weight check OK: all model keys matched (no random-init layers).
====================================================================

config                          true_fov  infer(h,w)      align
tangent_fov40_none                    40    44.5, 44.6    16.6%
tangent_fov60_none                    60    60.6, 60.6    21.5%
tangent_fov80_none                    80    73.1, 73.3    21.3%
tangent_fov100_none                  100    94.2, 94.1    22.8%
tangent_fov120_none                  120   112.8,113.5    14.7%
raw_roi_fov40_none                    40    42.4, 42.5    15.4%
raw_roi_fov60_none                    60    55.9, 55.9    19.5%
raw_roi_fov80_none                    80    66.5, 66.6    19.4%
raw_roi_fov100_none                  100    75.6, 76.0    23.2%
raw_roi_fov120_none                  120    86.1, 86.3    22.4%
rectifier_fovrect_none                85    78.6, 78.8    23.9%

done — 11 configs. See VGGT-360-fisheye/outputs/sweep_vggt1b_f120/ (summary.csv, align_vs_fov.png, grid.png, per-config *.png)
