render size 512 (native token grid for vggt_omega; override with --persp-size)
  [ADT] 1 usable sequence(s) (need: depth_npy, videos_synthetic)
  [ADT]   SKIP Apartment_release_clean_seq133_M1292: missing/empty ['videos_synthetic']
  [ADT]   SKIP Apartment_release_clean_seq134_M1292: missing/empty ['videos_synthetic']
  [ADT]   SKIP Apartment_release_clean_seq135_M1292: missing/empty ['videos_synthetic']
  [ADT]   SKIP Apartment_release_clean_seq136_M1292: missing/empty ['videos_synthetic']
  [ADT]   SKIP Apartment_release_clean_seq137_M1292: missing/empty ['videos_synthetic']
  [ADT]   SKIP Apartment_release_clean_seq138_M1292: missing/empty ['videos_synthetic']
  [ADT]   SKIP Apartment_release_clean_seq140_M1292: missing/empty ['videos_synthetic']
  [ADT]   SKIP Apartment_release_clean_seq141_M1292: missing/empty ['videos_synthetic']
  [ADT]   SKIP Apartment_release_clean_seq142_M1292: missing/empty ['videos_synthetic']
  [ADT]   SKIP Apartment_release_clean_seq143_M1292: missing/empty ['videos_synthetic']
  [ADT]   SKIP Apartment_release_clean_seq144_M1292: missing/empty ['videos_synthetic']
  [ADT]   SKIP Apartment_release_clean_seq145_M1292: missing/empty ['videos_synthetic']
  [ADT]   SKIP Apartment_release_clean_seq146_M1292: missing/empty ['videos_synthetic']
  [ADT]   SKIP Apartment_release_clean_seq147_M1292: missing/empty ['videos_synthetic']
  [ADT]   SKIP Apartment_release_clean_seq148_M1292: missing/empty ['videos_synthetic']
  [ADT]   SKIP Apartment_release_clean_seq149_M1292: missing/empty ['depth_npy', 'videos_synthetic']
  [ADT]   SKIP Apartment_release_clean_seq150_M1292: missing/empty ['depth_npy', 'videos_synthetic']
  [ADT] 61 frames <- Apartment_release_clean_seq131_M1292 (61 depth maps had no RGB partner)
loading VGGT-Omega from /group-volume/Fengjia/projects/vggt-omega/checkpoints/VGGT-Omega-1B-512/model.pt on cuda (torch.bfloat16) ...
====================================================================
weight check OK: all model keys matched (no random-init layers).
====================================================================

config                          true_fov  infer(h,w)      align
tangent_fov40_none                    40    38.7, 38.6    14.2%
tangent_fov60_none                    60    60.4, 60.4    19.6%
tangent_fov80_none                    80    75.3, 75.6    25.2%
tangent_fov100_none                  100    99.4, 99.5    28.8%
tangent_fov110_none                  110   104.5,104.4    24.5%
tangent_fov120_none                  120   106.7,106.7    20.3%
raw_roi_fov40_none                    40    37.3, 37.2    14.4%
raw_roi_fov60_none                    60    54.8, 54.9    16.5%
raw_roi_fov80_none                    80    67.1, 67.3    19.3%
raw_roi_fov100_none                  100    75.3, 75.7    20.2%
raw_roi_fov110_none                  110    84.8, 85.1    18.7%
raw_roi_fov120_none                  120    89.3, 89.4    20.2%
rectifier_fovrect_none                85    84.1, 84.3    28.1%

done — 13 configs. See VGGT-360-fisheye/outputs/sweep_f60/ (summary.csv, align_vs_fov.png, grid.png, per-config *.png)
