render size 512 (native token grid for vggt_omega; override with --persp-size)
  [ADT] 1 usable sequence(s) (need: depth_npy, videos_synthetic)
  [ADT]   SKIP Apartment_release_clean_seq133_M1292: missing/empty ['videos_synthetic']
  [ADT]   SKIP Apartment_release_clean_seq134_M1292: missing/empty ['videos_synthetic']
  [ADT]   SKIP Apartment_release_clean_seq135_M1292: missing/empty ['videos_synthetic']
  [ADT]   SKIP Apartment_release_clean_seq136_M1292: missing/empty ['videos_synthetic']
  [ADT]   SKIP Apartment_release_clean_seq137_M1292: missing/empty ['videos_synthetic']
  [ADT]   SKIP Apartment_release_clean_seq138_M1292: missing/empty ['videos_synthetic']
  [ADT]   SKIP Apartment_release_clean_seq140_M1292: missing/empty ['videos_synthetic']
  [ADT]   SKIP Apartment_release_clean_seq141_M1292: missing/empty ['videos_synthetic']
  [ADT]   SKIP Apartment_release_clean_seq142_M1292: missing/empty ['videos_synthetic']
  [ADT]   SKIP Apartment_release_clean_seq143_M1292: missing/empty ['videos_synthetic']
  [ADT]   SKIP Apartment_release_clean_seq144_M1292: missing/empty ['videos_synthetic']
  [ADT]   SKIP Apartment_release_clean_seq145_M1292: missing/empty ['videos_synthetic']
  [ADT]   SKIP Apartment_release_clean_seq146_M1292: missing/empty ['videos_synthetic']
  [ADT]   SKIP Apartment_release_clean_seq147_M1292: missing/empty ['videos_synthetic']
  [ADT]   SKIP Apartment_release_clean_seq148_M1292: missing/empty ['videos_synthetic']
  [ADT]   SKIP Apartment_release_clean_seq149_M1292: missing/empty ['depth_npy', 'videos_synthetic']
  [ADT]   SKIP Apartment_release_clean_seq150_M1292: missing/empty ['depth_npy', 'videos_synthetic']
  [ADT] 3 frames <- Apartment_release_clean_seq131_M1292 (61 depth maps had no RGB partner)
loading VGGT-Omega from /group-volume/Fengjia/projects/vggt-omega/checkpoints/VGGT-Omega-1B-512/model.pt on cuda (torch.bfloat16) ...
====================================================================
weight check OK: all model keys matched (no random-init layers).
====================================================================

config                          true_fov  infer(h,w)      align
tangent_fov40_none                    40    39.7, 39.6    18.0%
tangent_fov60_none                    60    61.1, 61.3    20.0%
tangent_fov80_none                    80    76.2, 76.6    27.5%
tangent_fov100_none                  100    99.4, 99.8    25.9%
tangent_fov110_none                  110   106.1,106.1    23.1%
tangent_fov120_none                  120   107.5,107.3    21.8%
raw_roi_fov40_none                    40    37.9, 37.8    18.6%
raw_roi_fov60_none                    60    56.3, 56.4    19.3%
raw_roi_fov80_none                    80    69.3, 69.4    22.3%
raw_roi_fov100_none                  100    80.1, 80.5    19.8%
raw_roi_fov110_none                  110    90.4, 90.6    20.8%
raw_roi_fov120_none                  120    93.8, 94.0    21.1%
rectifier_fovrect_none                85    83.1, 83.4    28.4%

done — 13 configs. See VGGT-360-fisheye/outputs/sweep_f2/ (summary.csv, align_vs_fov.png, grid.png, per-config *.png)
