render size 512 (native token grid for vggt_omega; override with --persp-size)
  [ADT] 1 usable sequence(s) (need: depth_npy, videos_synthetic)
  [ADT]   SKIP Apartment_release_clean_seq133_M1292: missing/empty ['videos_synthetic']
  [ADT]   SKIP Apartment_release_clean_seq134_M1292: missing/empty ['videos_synthetic']
  [ADT]   SKIP Apartment_release_clean_seq135_M1292: missing/empty ['videos_synthetic']
  [ADT]   SKIP Apartment_release_clean_seq136_M1292: missing/empty ['videos_synthetic']
  [ADT]   SKIP Apartment_release_clean_seq137_M1292: missing/empty ['videos_synthetic']
  [ADT]   SKIP Apartment_release_clean_seq138_M1292: missing/empty ['videos_synthetic']
  [ADT]   SKIP Apartment_release_clean_seq140_M1292: missing/empty ['videos_synthetic']
  [ADT]   SKIP Apartment_release_clean_seq141_M1292: missing/empty ['videos_synthetic']
  [ADT]   SKIP Apartment_release_clean_seq142_M1292: missing/empty ['videos_synthetic']
  [ADT]   SKIP Apartment_release_clean_seq143_M1292: missing/empty ['videos_synthetic']
  [ADT]   SKIP Apartment_release_clean_seq144_M1292: missing/empty ['videos_synthetic']
  [ADT]   SKIP Apartment_release_clean_seq145_M1292: missing/empty ['videos_synthetic']
  [ADT]   SKIP Apartment_release_clean_seq146_M1292: missing/empty ['videos_synthetic']
  [ADT]   SKIP Apartment_release_clean_seq147_M1292: missing/empty ['videos_synthetic']
  [ADT]   SKIP Apartment_release_clean_seq148_M1292: missing/empty ['videos_synthetic']
  [ADT]   SKIP Apartment_release_clean_seq149_M1292: missing/empty ['depth_npy', 'videos_synthetic']
  [ADT]   SKIP Apartment_release_clean_seq150_M1292: missing/empty ['depth_npy', 'videos_synthetic']
  [ADT] 21 frames <- Apartment_release_clean_seq131_M1292 (61 depth maps had no RGB partner)
loading VGGT-Omega from /group-volume/Fengjia/projects/vggt-omega/checkpoints/VGGT-Omega-1B-512/model.pt on cuda (torch.bfloat16) ...
====================================================================
weight check OK: all model keys matched (no random-init layers).
====================================================================

config                          true_fov  infer(h,w)      align
tangent_fov40_none                    40    38.9, 38.7    21.0%
tangent_fov60_none                    60    59.7, 60.0    19.6%
tangent_fov80_none                    80    74.7, 75.1    23.9%
tangent_fov100_none                  100    98.6, 98.9    27.1%
tangent_fov110_none                  110   104.6,104.7    25.3%
tangent_fov120_none                  120   106.0,105.9    22.6%
raw_roi_fov40_none                    40    37.8, 37.7    19.2%
raw_roi_fov60_none                    60    54.0, 54.1    16.3%
raw_roi_fov80_none                    80    67.3, 67.4    19.3%
raw_roi_fov100_none                  100    80.3, 80.5    18.8%
raw_roi_fov110_none                  110    87.4, 87.7    18.9%
raw_roi_fov120_none                  120    89.5, 89.7    19.0%
rectifier_fovrect_none                85    82.3, 82.6    27.4%

done — 13 configs. See VGGT-360-fisheye/outputs/sweep_f20/ (summary.csv, align_vs_fov.png, grid.png, per-config *.png)
