[93m[WARN ] Dependency `gsplat` is required for rendering 3DGS. Install via: pip install git+https://github.com/nerfstudio-project/gsplat.git@0b4dddf04cb687367602c01196913cde6a743d70[0m
[97m[INFO ] using MLP layer as FFN[0m
[eval] loaded LoRA into 8 layers from /user/f.zhang2/projects/vggt-omega-organized/results/autoresearch-followups/scale_60/lora_last.pt

depth joint AbsRel BEFORE -> AFTER:
   0- 1 m  0.118>0.188 0.126>0.199 0.147>0.192 0.197>0.195 0.236>0.190 0.267>0.198 0.309>0.215 0.404>0.258
   1- 2 m  0.133>0.130 0.120>0.134 0.103>0.131 0.098>0.122 0.102>0.117 0.109>0.113 0.140>0.124 0.197>0.144
   2- 3 m  0.099>0.080 0.117>0.089 0.117>0.083 0.115>0.075 0.091>0.072 0.078>0.069 0.103>0.086 0.140>0.110
   3- 5 m  0.110>0.075 0.112>0.071 0.111>0.074 0.102>0.084 0.086>0.075 0.078>0.072 0.097>0.075 0.149>0.098
   5-10 m  0.153>0.084 0.132>0.092 0.119>0.098 0.140>0.112 0.139>0.104 0.152>0.110 0.193>0.154 0.203>0.144
near_rim(<=2m,>=38deg): 0.232 -> 0.169 (-27.3%)
near_center(<=2m,<=11deg): 0.123 -> 0.158 (+27.8%)
center(<=11deg): 0.121 -> 0.130 (+7.0%)
far(>=3m): 0.128 -> 0.096 (-24.9%)

pose (adjacent pairs, official calibration GT):
  before: rot median 6.65 deg, RRA@15 0.797, tdir median 21.34, RTA@15 0.390 (n=59)
  after : rot median 5.70 deg, RRA@15 0.814, tdir median 27.86, RTA@15 0.322 (n=59)

[eval] wrote /user/f.zhang2/projects/vggt-omega-organized/results/autoresearch-followups/scale_60_seq132.json
MARKER_eval_scale_60_seq132=0
val] wrote /user/f.zhang2/projects/vggt-omega-organized/results/autoresearch-followups/scale_60_seq132.json
MARKER_eval_scale_60_seq132=0
