Warning: You are sending unauthenticated requests to the HF Hub. Please set a HF_TOKEN to enable higher rate limits and faster downloads.
/user/f.zhang2/projects/vggt-omega-organized/VGGT-360-fisheye/vggt_visfeat/models/vggt.py:72: FutureWarning: `torch.cuda.amp.autocast(args...)` is deprecated. Please use `torch.amp.autocast('cuda', args...)` instead.
  with torch.cuda.amp.autocast(enabled=False):
  [ADT] 1 usable sequence(s) (need: depth_npy, videos_synthetic, videos_rgb)
  [fovbench] Apartment_release_clean_seq131_M1292: 50 of 2878 common frames
  [fovbench] ADT-FOV split 8ca25fd0ebd2: 50 frames across 1 sequence(s), streams=['synthetic', 'real'], context 10x@stride 1
[fovbench] scoring frames on 16 threads (forward pass serialised; results pooled in split order)

[fovbench] ══ vggt_1b ══
[fovbench]   VGGT 1B | 1191M params | align=scale_shift | views rendered at 518px
[fovbench]   frame 5/50 (211s)
[fovbench]   frame 10/50 (215s)
[fovbench]   frame 15/50 (215s)
[fovbench]   frame 20/50 (382s)
[fovbench]   frame 25/50 (398s)
[fovbench]   frame 30/50 (414s)
[fovbench]   frame 35/50 (583s)
[fovbench]   frame 40/50 (599s)
[fovbench]   frame 45/50 (615s)
[fovbench]   frame 50/50 (651s)
[fovbench]   done in 651s

[fovbench] ══ vggt_omega ══
[fovbench]   VGGT-Omega 1B/512 | 1144M params | align=scale_shift | views rendered at 512px
[fovbench]   frame 5/50 (38s)
[fovbench]   frame 10/50 (38s)
[fovbench]   frame 15/50 (39s)
[fovbench]   frame 20/50 (63s)
[fovbench]   frame 25/50 (66s)
[fovbench]   frame 30/50 (68s)
[fovbench]   frame 35/50 (93s)
[fovbench]   frame 40/50 (96s)
[fovbench]   frame 45/50 (98s)
[fovbench]   frame 50/50 (103s)
[fovbench]   done in 104s

[fovbench] ══ da3_large ══
[93m[WARN ] Dependency `gsplat` is required for rendering 3DGS. Install via: pip install git+https://github.com/nerfstudio-project/gsplat.git@0b4dddf04cb687367602c01196913cde6a743d70[0m
[97m[INFO ] using MLP layer as FFN[0m
[fovbench]   Depth-Anything-3 Large | 411M params | align=scale_shift | views rendered at 518px
[97m[INFO ] Selecting reference view using strategy: saddle_balanced[0m
[97m[INFO ] Selecting reference view using strategy: saddle_balanced[0m
[97m[INFO ] Selecting reference view using strategy: saddle_balanced[0m
[97m[INFO ] Selecting reference view using strategy: saddle_balanced[0m
[97m[INFO ] Selecting reference view using strategy: saddle_balanced[0m
[97m[INFO ] Selecting reference view using strategy: saddle_balanced[0m
[97m[INFO ] Selecting reference view using strategy: saddle_balanced[0m
[97m[INFO ] Selecting reference view using strategy: saddle_balanced[0m
[97m[INFO ] Selecting reference view using strategy: saddle_balanced[0m
[97m[INFO ] Selecting reference view using strategy: saddle_balanced[0m
[97m[INFO ] Selecting reference view using strategy: saddle_balanced[0m
[97m[INFO ] Selecting reference view using strategy: saddle_balanced[0m
[97m[INFO ] Selecting reference view using strategy: saddle_balanced[0m
[97m[INFO ] Selecting reference view using strategy: saddle_balanced[0m
[97m[INFO ] Selecting reference view using strategy: saddle_balanced[0m
[97m[INFO ] Selecting reference view using strategy: saddle_balanced[0m
[97m[INFO ] Selecting reference view using strategy: saddle_balanced[0m
[97m[INFO ] Selecting reference view using strategy: saddle_balanced[0m
[97m[INFO ] Selecting reference view using strategy: saddle_balanced[0m
[97m[INFO ] Selecting reference view using strategy: saddle_balanced[0m
[97m[INFO ] Selecting reference view using strategy: saddle_balanced[0m
[97m[INFO ] Selecting reference view using strategy: saddle_balanced[0m
[97m[INFO ] Selecting reference view using strategy: saddle_balanced[0m
[97m[INFO ] Selecting reference view using strategy: saddle_balanced[0m
[97m[INFO ] Selecting reference view using strategy: saddle_balanced[0m
[97m[INFO ] Selecting reference view using strategy: saddle_balanced[0m
[97m[INFO ] Selecting reference view using strategy: saddle_balanced[0m
[97m[INFO ] Selecting reference view using strategy: saddle_balanced[0m
[97m[INFO ] Selecting reference view using strategy: saddle_balanced[0m
[97m[INFO ] Selecting reference view using strategy: saddle_balanced[0m
[97m[INFO ] Selecting reference view using strategy: saddle_balanced[0m
[97m[INFO ] Selecting reference view using strategy: saddle_balanced[0m
[97m[INFO ] Selecting reference view using strategy: saddle_balanced[0m
[97m[INFO ] Selecting reference view using strategy: saddle_balanced[0m
[97m[INFO ] Selecting reference view using strategy: saddle_balanced[0m
[97m[INFO ] Selecting reference view using strategy: saddle_balanced[0m
[97m[INFO ] Selecting reference view using strategy: saddle_balanced[0m
[97m[INFO ] Selecting reference view using strategy: saddle_balanced[0m
[97m[INFO ] Selecting reference view using strategy: saddle_balanced[0m
[97m[INFO ] Selecting reference view using strategy: saddle_balanced[0m
[97m[INFO ] Selecting reference view using strategy: saddle_balanced[0m
[97m[INFO ] Selecting reference view using strategy: saddle_balanced[0m
[97m[INFO ] Selecting reference view using strategy: saddle_balanced[0m
[97m[INFO ] Selecting reference view using strategy: saddle_balanced[0m
[97m[INFO ] Selecting reference view using strategy: saddle_balanced[0m
[97m[INFO ] Selecting reference view using strategy: saddle_balanced[0m
[97m[INFO ] Selecting reference view using strategy: saddle_balanced[0m
[97m[INFO ] Selecting reference view using strategy: saddle_balanced[0m
[97m[INFO ] Selecting reference view using strategy: saddle_balanced[0m
[97m[INFO ] Selecting reference view using strategy: saddle_balanced[0m
[97m[INFO ] Selecting reference view using strategy: saddle_balanced[0m
[97m[INFO ] Selecting reference view using strategy: saddle_balanced[0m
[97m[INFO ] Selecting reference view using strategy: saddle_balanced[0m
[97m[INFO ] Selecting reference view using strategy: saddle_balanced[0m
[97m[INFO ] Selecting reference view using strategy: saddle_balanced[0m
[97m[INFO ] Selecting reference view using strategy: saddle_balanced[0m
[97m[INFO ] Selecting reference view using strategy: saddle_balanced[0m
[97m[INFO ] Selecting reference view using strategy: saddle_balanced[0m
[97m[INFO ] Selecting reference view using strategy: saddle_balanced[0m
[97m[INFO ] Selecting reference view using strategy: saddle_balanced[0m
[97m[INFO ] Selecting reference view using strategy: saddle_balanced[0m
[97m[INFO ] Selecting reference view using strategy: saddle_balanced[0m
[97m[INFO ] Selecting reference view using strategy: saddle_balanced[0m
[97m[INFO ] Selecting reference view using strategy: saddle_balanced[0m
[fovbench]   frame 5/50 (35s)
[97m[INFO ] Selecting reference view using strategy: saddle_balanced[0m
[fovbench]   frame 10/50 (35s)
[fovbench]   frame 15/50 (35s)
[97m[INFO ] Selecting reference view using strategy: saddle_balanced[0m
[97m[INFO ] Selecting reference view using strategy: saddle_balanced[0m
[97m[INFO ] Selecting reference view using strategy: saddle_balanced[0m
[97m[INFO ] Selecting reference view using strategy: saddle_balanced[0m
[97m[INFO ] Selecting reference view using strategy: saddle_balanced[0m
[97m[INFO ] Selecting reference view using strategy: saddle_balanced[0m
[97m[INFO ] Selecting reference view using strategy: saddle_balanced[0m
[97m[INFO ] Selecting reference view using strategy: saddle_balanced[0m
[97m[INFO ] Selecting reference view using strategy: saddle_balanced[0m
[97m[INFO ] Selecting reference view using strategy: saddle_balanced[0m
[97m[INFO ] Selecting reference view using strategy: saddle_balanced[0m
[97m[INFO ] Selecting reference view using strategy: saddle_balanced[0m
[97m[INFO ] Selecting reference view using strategy: saddle_balanced[0m
[97m[INFO ] Selecting reference view using strategy: saddle_balanced[0m
[97m[INFO ] Selecting reference view using strategy: saddle_balanced[0m
[97m[INFO ] Selecting reference view using strategy: saddle_balanced[0m
[97m[INFO ] Selecting reference view using strategy: saddle_balanced[0m
[97m[INFO ] Selecting reference view using strategy: saddle_balanced[0m
[97m[INFO ] Selecting reference view using strategy: saddle_balanced[0m
[97m[INFO ] Selecting reference view using strategy: saddle_balanced[0m
[97m[INFO ] Selecting reference view using strategy: saddle_balanced[0m
[97m[INFO ] Selecting reference view using strategy: saddle_balanced[0m
[97m[INFO ] Selecting reference view using strategy: saddle_balanced[0m
[97m[INFO ] Selecting reference view using strategy: saddle_balanced[0m
[97m[INFO ] Selecting reference view using strategy: saddle_balanced[0m
[97m[INFO ] Selecting reference view using strategy: saddle_balanced[0m
[97m[INFO ] Selecting reference view using strategy: saddle_balanced[0m
[97m[INFO ] Selecting reference view using strategy: saddle_balanced[0m
[97m[INFO ] Selecting reference view using strategy: saddle_balanced[0m
[97m[INFO ] Selecting reference view using strategy: saddle_balanced[0m
[97m[INFO ] Selecting reference view using strategy: saddle_balanced[0m
[97m[INFO ] Selecting reference view using strategy: saddle_balanced[0m
[97m[INFO ] Selecting reference view using strategy: saddle_balanced[0m
[97m[INFO ] Selecting reference view using strategy: saddle_balanced[0m
[97m[INFO ] Selecting reference view using strategy: saddle_balanced[0m
[97m[INFO ] Selecting reference view using strategy: saddle_balanced[0m
[97m[INFO ] Selecting reference view using strategy: saddle_balanced[0m
[97m[INFO ] Selecting reference view using strategy: saddle_balanced[0m
[97m[INFO ] Selecting reference view using strategy: saddle_balanced[0m
[97m[INFO ] Selecting reference view using strategy: saddle_balanced[0m
[97m[INFO ] Selecting reference view using strategy: saddle_balanced[0m
[97m[INFO ] Selecting reference view using strategy: saddle_balanced[0m
[97m[INFO ] Selecting reference view using strategy: saddle_balanced[0m
[97m[INFO ] Selecting reference view using strategy: saddle_balanced[0m
[97m[INFO ] Selecting reference view using strategy: saddle_balanced[0m
[97m[INFO ] Selecting reference view using strategy: saddle_balanced[0m
[97m[INFO ] Selecting reference view using strategy: saddle_balanced[0m
[97m[INFO ] Selecting reference view using strategy: saddle_balanced[0m
[97m[INFO ] Selecting reference view using strategy: saddle_balanced[0m
[97m[INFO ] Selecting reference view using strategy: saddle_balanced[0m
[97m[INFO ] Selecting reference view using strategy: saddle_balanced[0m
[97m[INFO ] Selecting reference view using strategy: saddle_balanced[0m
[fovbench]   frame 20/50 (59s)
[97m[INFO ] Selecting reference view using strategy: saddle_balanced[0m
[97m[INFO ] Selecting reference view using strategy: saddle_balanced[0m
[97m[INFO ] Selecting reference view using strategy: saddle_balanced[0m
[97m[INFO ] Selecting reference view using strategy: saddle_balanced[0m
[97m[INFO ] Selecting reference view using strategy: saddle_balanced[0m
[fovbench]   frame 25/50 (62s)
[97m[INFO ] Selecting reference view using strategy: saddle_balanced[0m
[97m[INFO ] Selecting reference view using strategy: saddle_balanced[0m
[97m[INFO ] Selecting reference view using strategy: saddle_balanced[0m
[97m[INFO ] Selecting reference view using strategy: saddle_balanced[0m
[97m[INFO ] Selecting reference view using strategy: saddle_balanced[0m
[fovbench]   frame 30/50 (64s)
[97m[INFO ] Selecting reference view using strategy: saddle_balanced[0m
[97m[INFO ] Selecting reference view using strategy: saddle_balanced[0m
[97m[INFO ] Selecting reference view using strategy: saddle_balanced[0m
[97m[INFO ] Selecting reference view using strategy: saddle_balanced[0m
[97m[INFO ] Selecting reference view using strategy: saddle_balanced[0m
[97m[INFO ] Selecting reference view using strategy: saddle_balanced[0m
[97m[INFO ] Selecting reference view using strategy: saddle_balanced[0m
[97m[INFO ] Selecting reference view using strategy: saddle_balanced[0m
[97m[INFO ] Selecting reference view using strategy: saddle_balanced[0m
[97m[INFO ] Selecting reference view using strategy: saddle_balanced[0m
[97m[INFO ] Selecting reference view using strategy: saddle_balanced[0m
[97m[INFO ] Selecting reference view using strategy: saddle_balanced[0m
[97m[INFO ] Selecting reference view using strategy: saddle_balanced[0m
[97m[INFO ] Selecting reference view using strategy: saddle_balanced[0m
[97m[INFO ] Selecting reference view using strategy: saddle_balanced[0m
[97m[INFO ] Selecting reference view using strategy: saddle_balanced[0m
[97m[INFO ] Selecting reference view using strategy: saddle_balanced[0m
[97m[INFO ] Selecting reference view using strategy: saddle_balanced[0m
[97m[INFO ] Selecting reference view using strategy: saddle_balanced[0m
[97m[INFO ] Selecting reference view using strategy: saddle_balanced[0m
[97m[INFO ] Selecting reference view using strategy: saddle_balanced[0m
[97m[INFO ] Selecting reference view using strategy: saddle_balanced[0m
[97m[INFO ] Selecting reference view using strategy: saddle_balanced[0m
[97m[INFO ] Selecting reference view using strategy: saddle_balanced[0m
[97m[INFO ] Selecting reference view using strategy: saddle_balanced[0m
[97m[INFO ] Selecting reference view using strategy: saddle_balanced[0m
[97m[INFO ] Selecting reference view using strategy: saddle_balanced[0m
[97m[INFO ] Selecting reference view using strategy: saddle_balanced[0m
[97m[INFO ] Selecting reference view using strategy: saddle_balanced[0m
[97m[INFO ] Selecting reference view using strategy: saddle_balanced[0m
[97m[INFO ] Selecting reference view using strategy: saddle_balanced[0m
[97m[INFO ] Selecting reference view using strategy: saddle_balanced[0m
[97m[INFO ] Selecting reference view using strategy: saddle_balanced[0m
[97m[INFO ] Selecting reference view using strategy: saddle_balanced[0m
[97m[INFO ] Selecting reference view using strategy: saddle_balanced[0m
[97m[INFO ] Selecting reference view using strategy: saddle_balanced[0m
[97m[INFO ] Selecting reference view using strategy: saddle_balanced[0m
[97m[INFO ] Selecting reference view using strategy: saddle_balanced[0m
[97m[INFO ] Selecting reference view using strategy: saddle_balanced[0m
[97m[INFO ] Selecting reference view using strategy: saddle_balanced[0m
[97m[INFO ] Selecting reference view using strategy: saddle_balanced[0m
[97m[INFO ] Selecting reference view using strategy: saddle_balanced[0m
[97m[INFO ] Selecting reference view using strategy: saddle_balanced[0m
[97m[INFO ] Selecting reference view using strategy: saddle_balanced[0m
[97m[INFO ] Selecting reference view using strategy: saddle_balanced[0m
[97m[INFO ] Selecting reference view using strategy: saddle_balanced[0m
[97m[INFO ] Selecting reference view using strategy: saddle_balanced[0m
[97m[INFO ] Selecting reference view using strategy: saddle_balanced[0m
[97m[INFO ] Selecting reference view using strategy: saddle_balanced[0m
[97m[INFO ] Selecting reference view using strategy: saddle_balanced[0m
[97m[INFO ] Selecting reference view using strategy: saddle_balanced[0m
[97m[INFO ] Selecting reference view using strategy: saddle_balanced[0m
[97m[INFO ] Selecting reference view using strategy: saddle_balanced[0m
[fovbench]   frame 35/50 (88s)
[97m[INFO ] Selecting reference view using strategy: saddle_balanced[0m
[97m[INFO ] Selecting reference view using strategy: saddle_balanced[0m
[97m[INFO ] Selecting reference view using strategy: saddle_balanced[0m
[97m[INFO ] Selecting reference view using strategy: saddle_balanced[0m
[97m[INFO ] Selecting reference view using strategy: saddle_balanced[0m
[fovbench]   frame 40/50 (90s)
[97m[INFO ] Selecting reference view using strategy: saddle_balanced[0m
[97m[INFO ] Selecting reference view using strategy: saddle_balanced[0m
[97m[INFO ] Selecting reference view using strategy: saddle_balanced[0m
[97m[INFO ] Selecting reference view using strategy: saddle_balanced[0m
[97m[INFO ] Selecting reference view using strategy: saddle_balanced[0m
[fovbench]   frame 45/50 (93s)
[97m[INFO ] Selecting reference view using strategy: saddle_balanced[0m
[97m[INFO ] Selecting reference view using strategy: saddle_balanced[0m
[97m[INFO ] Selecting reference view using strategy: saddle_balanced[0m
[97m[INFO ] Selecting reference view using strategy: saddle_balanced[0m
[97m[INFO ] Selecting reference view using strategy: saddle_balanced[0m
[97m[INFO ] Selecting reference view using strategy: saddle_balanced[0m
[97m[INFO ] Selecting reference view using strategy: saddle_balanced[0m
[97m[INFO ] Selecting reference view using strategy: saddle_balanced[0m
[97m[INFO ] Selecting reference view using strategy: saddle_balanced[0m
[97m[INFO ] Selecting reference view using strategy: saddle_balanced[0m
[fovbench]   frame 50/50 (98s)
[fovbench]   done in 98s

[fovbench] ══ da3_small ══
[97m[INFO ] using MLP layer as FFN[0m
[fovbench]   Depth-Anything-3 Small | 34M params | align=scale_shift | views rendered at 518px
[97m[INFO ] Selecting reference view using strategy: saddle_balanced[0m
[97m[INFO ] Selecting reference view using strategy: saddle_balanced[0m
[97m[INFO ] Selecting reference view using strategy: saddle_balanced[0m
[97m[INFO ] Selecting reference view using strategy: saddle_balanced[0m
[97m[INFO ] Selecting reference view using strategy: saddle_balanced[0m
[97m[INFO ] Selecting reference view using strategy: saddle_balanced[0m
[97m[INFO ] Selecting reference view using strategy: saddle_balanced[0m
[97m[INFO ] Selecting reference view using strategy: saddle_balanced[0m
[97m[INFO ] Selecting reference view using strategy: saddle_balanced[0m
[97m[INFO ] Selecting reference view using strategy: saddle_balanced[0m
[97m[INFO ] Selecting reference view using strategy: saddle_balanced[0m
[97m[INFO ] Selecting reference view using strategy: saddle_balanced[0m
[97m[INFO ] Selecting reference view using strategy: saddle_balanced[0m
[97m[INFO ] Selecting reference view using strategy: saddle_balanced[0m
[97m[INFO ] Selecting reference view using strategy: saddle_balanced[0m
[97m[INFO ] Selecting reference view using strategy: saddle_balanced[0m
[97m[INFO ] Selecting reference view using strategy: saddle_balanced[0m
[97m[INFO ] Selecting reference view using strategy: saddle_balanced[0m
[97m[INFO ] Selecting reference view using strategy: saddle_balanced[0m
[97m[INFO ] Selecting reference view using strategy: saddle_balanced[0m
[97m[INFO ] Selecting reference view using strategy: saddle_balanced[0m
[97m[INFO ] Selecting reference view using strategy: saddle_balanced[0m
[97m[INFO ] Selecting reference view using strategy: saddle_balanced[0m
[97m[INFO ] Selecting reference view using strategy: saddle_balanced[0m
[97m[INFO ] Selecting reference view using strategy: saddle_balanced[0m
[97m[INFO ] Selecting reference view using strategy: saddle_balanced[0m
[97m[INFO ] Selecting reference view using strategy: saddle_balanced[0m
[97m[INFO ] Selecting reference view using strategy: saddle_balanced[0m
[97m[INFO ] Selecting reference view using strategy: saddle_balanced[0m
[97m[INFO ] Selecting reference view using strategy: saddle_balanced[0m
[97m[INFO ] Selecting reference view using strategy: saddle_balanced[0m
[97m[INFO ] Selecting reference view using strategy: saddle_balanced[0m
[97m[INFO ] Selecting reference view using strategy: saddle_balanced[0m
[97m[INFO ] Selecting reference view using strategy: saddle_balanced[0m
[97m[INFO ] Selecting reference view using strategy: saddle_balanced[0m
[97m[INFO ] Selecting reference view using strategy: saddle_balanced[0m
[97m[INFO ] Selecting reference view using strategy: saddle_balanced[0m
[97m[INFO ] Selecting reference view using strategy: saddle_balanced[0m
[97m[INFO ] Selecting reference view using strategy: saddle_balanced[0m
[97m[INFO ] Selecting reference view using strategy: saddle_balanced[0m
[97m[INFO ] Selecting reference view using strategy: saddle_balanced[0m
[97m[INFO ] Selecting reference view using strategy: saddle_balanced[0m
[97m[INFO ] Selecting reference view using strategy: saddle_balanced[0m
[97m[INFO ] Selecting reference view using strategy: saddle_balanced[0m
[97m[INFO ] Selecting reference view using strategy: saddle_balanced[0m
[97m[INFO ] Selecting reference view using strategy: saddle_balanced[0m
[97m[INFO ] Selecting reference view using strategy: saddle_balanced[0m
[97m[INFO ] Selecting reference view using strategy: saddle_balanced[0m
[97m[INFO ] Selecting reference view using strategy: saddle_balanced[0m
[97m[INFO ] Selecting reference view using strategy: saddle_balanced[0m
[97m[INFO ] Selecting reference view using strategy: saddle_balanced[0m
[97m[INFO ] Selecting reference view using strategy: saddle_balanced[0m
[97m[INFO ] Selecting reference view using strategy: saddle_balanced[0m
[97m[INFO ] Selecting reference view using strategy: saddle_balanced[0m
[97m[INFO ] Selecting reference view using strategy: saddle_balanced[0m
[97m[INFO ] Selecting reference view using strategy: saddle_balanced[0m
[97m[INFO ] Selecting reference view using strategy: saddle_balanced[0m
[97m[INFO ] Selecting reference view using strategy: saddle_balanced[0m
[97m[INFO ] Selecting reference view using strategy: saddle_balanced[0m
[97m[INFO ] Selecting reference view using strategy: saddle_balanced[0m
[97m[INFO ] Selecting reference view using strategy: saddle_balanced[0m
[97m[INFO ] Selecting reference view using strategy: saddle_balanced[0m
[97m[INFO ] Selecting reference view using strategy: saddle_balanced[0m
[97m[INFO ] Selecting reference view using strategy: saddle_balanced[0m
[97m[INFO ] Selecting reference view using strategy: saddle_balanced[0m
[97m[INFO ] Selecting reference view using strategy: saddle_balanced[0m
[97m[INFO ] Selecting reference view using strategy: saddle_balanced[0m
[fovbench]   frame 5/50 (10s)
[97m[INFO ] Selecting reference view using strategy: saddle_balanced[0m
[97m[INFO ] Selecting reference view using strategy: saddle_balanced[0m
[fovbench]   frame 10/50 (10s)
[fovbench]   frame 15/50 (10s)
[97m[INFO ] Selecting reference view using strategy: saddle_balanced[0m
[97m[INFO ] Selecting reference view using strategy: saddle_balanced[0m
[97m[INFO ] Selecting reference view using strategy: saddle_balanced[0m
[97m[INFO ] Selecting reference view using strategy: saddle_balanced[0m
[97m[INFO ] Selecting reference view using strategy: saddle_balanced[0m
[97m[INFO ] Selecting reference view using strategy: saddle_balanced[0m
[97m[INFO ] Selecting reference view using strategy: saddle_balanced[0m
[97m[INFO ] Selecting reference view using strategy: saddle_balanced[0m
[97m[INFO ] Selecting reference view using strategy: saddle_balanced[0m
[97m[INFO ] Selecting reference view using strategy: saddle_balanced[0m
[97m[INFO ] Selecting reference view using strategy: saddle_balanced[0m
[97m[INFO ] Selecting reference view using strategy: saddle_balanced[0m
[97m[INFO ] Selecting reference view using strategy: saddle_balanced[0m
[97m[INFO ] Selecting reference view using strategy: saddle_balanced[0m
[97m[INFO ] Selecting reference view using strategy: saddle_balanced[0m
[97m[INFO ] Selecting reference view using strategy: saddle_balanced[0m
[97m[INFO ] Selecting reference view using strategy: saddle_balanced[0m
[97m[INFO ] Selecting reference view using strategy: saddle_balanced[0m
[97m[INFO ] Selecting reference view using strategy: saddle_balanced[0m
[97m[INFO ] Selecting reference view using strategy: saddle_balanced[0m
[97m[INFO ] Selecting reference view using strategy: saddle_balanced[0m
[97m[INFO ] Selecting reference view using strategy: saddle_balanced[0m
[97m[INFO ] Selecting reference view using strategy: saddle_balanced[0m
[97m[INFO ] Selecting reference view using strategy: saddle_balanced[0m
[97m[INFO ] Selecting reference view using strategy: saddle_balanced[0m
[97m[INFO ] Selecting reference view using strategy: saddle_balanced[0m
[97m[INFO ] Selecting reference view using strategy: saddle_balanced[0m
[97m[INFO ] Selecting reference view using strategy: saddle_balanced[0m
[97m[INFO ] Selecting reference view using strategy: saddle_balanced[0m
[97m[INFO ] Selecting reference view using strategy: saddle_balanced[0m
[97m[INFO ] Selecting reference view using strategy: saddle_balanced[0m
[97m[INFO ] Selecting reference view using strategy: saddle_balanced[0m
[97m[INFO ] Selecting reference view using strategy: saddle_balanced[0m
[97m[INFO ] Selecting reference view using strategy: saddle_balanced[0m
[97m[INFO ] Selecting reference view using strategy: saddle_balanced[0m
[97m[INFO ] Selecting reference view using strategy: saddle_balanced[0m
[97m[INFO ] Selecting reference view using strategy: saddle_balanced[0m
[97m[INFO ] Selecting reference view using strategy: saddle_balanced[0m
[97m[INFO ] Selecting reference view using strategy: saddle_balanced[0m
[97m[INFO ] Selecting reference view using strategy: saddle_balanced[0m
[97m[INFO ] Selecting reference view using strategy: saddle_balanced[0m
[fovbench]   frame 20/50 (14s)
[97m[INFO ] Selecting reference view using strategy: saddle_balanced[0m
[97m[INFO ] Selecting reference view using strategy: saddle_balanced[0m
[97m[INFO ] Selecting reference view using strategy: saddle_balanced[0m
[97m[INFO ] Selecting reference view using strategy: saddle_balanced[0m
[97m[INFO ] Selecting reference view using strategy: saddle_balanced[0m
[97m[INFO ] Selecting reference view using strategy: saddle_balanced[0m
[97m[INFO ] Selecting reference view using strategy: saddle_balanced[0m
[97m[INFO ] Selecting reference view using strategy: saddle_balanced[0m
[97m[INFO ] Selecting reference view using strategy: saddle_balanced[0m
[97m[INFO ] Selecting reference view using strategy: saddle_balanced[0m
[fovbench]   frame 25/50 (15s)
[97m[INFO ] Selecting reference view using strategy: saddle_balanced[0m
[97m[INFO ] Selecting reference view using strategy: saddle_balanced[0m
[97m[INFO ] Selecting reference view using strategy: saddle_balanced[0m
[97m[INFO ] Selecting reference view using strategy: saddle_balanced[0m
[97m[INFO ] Selecting reference view using strategy: saddle_balanced[0m
[97m[INFO ] Selecting reference view using strategy: saddle_balanced[0m
[97m[INFO ] Selecting reference view using strategy: saddle_balanced[0m
[97m[INFO ] Selecting reference view using strategy: saddle_balanced[0m
[97m[INFO ] Selecting reference view using strategy: saddle_balanced[0m
[97m[INFO ] Selecting reference view using strategy: saddle_balanced[0m
[97m[INFO ] Selecting reference view using strategy: saddle_balanced[0m
[fovbench]   frame 30/50 (16s)
[97m[INFO ] Selecting reference view using strategy: saddle_balanced[0m
[97m[INFO ] Selecting reference view using strategy: saddle_balanced[0m
[97m[INFO ] Selecting reference view using strategy: saddle_balanced[0m
[97m[INFO ] Selecting reference view using strategy: saddle_balanced[0m
[97m[INFO ] Selecting reference view using strategy: saddle_balanced[0m
[97m[INFO ] Selecting reference view using strategy: saddle_balanced[0m
[97m[INFO ] Selecting reference view using strategy: saddle_balanced[0m
[97m[INFO ] Selecting reference view using strategy: saddle_balanced[0m
[97m[INFO ] Selecting reference view using strategy: saddle_balanced[0m
[97m[INFO ] Selecting reference view using strategy: saddle_balanced[0m
[97m[INFO ] Selecting reference view using strategy: saddle_balanced[0m
[97m[INFO ] Selecting reference view using strategy: saddle_balanced[0m
[97m[INFO ] Selecting reference view using strategy: saddle_balanced[0m
[97m[INFO ] Selecting reference view using strategy: saddle_balanced[0m
[97m[INFO ] Selecting reference view using strategy: saddle_balanced[0m
[97m[INFO ] Selecting reference view using strategy: saddle_balanced[0m
[97m[INFO ] Selecting reference view using strategy: saddle_balanced[0m
[97m[INFO ] Selecting reference view using strategy: saddle_balanced[0m
[97m[INFO ] Selecting reference view using strategy: saddle_balanced[0m
[97m[INFO ] Selecting reference view using strategy: saddle_balanced[0m
[97m[INFO ] Selecting reference view using strategy: saddle_balanced[0m
[97m[INFO ] Selecting reference view using strategy: saddle_balanced[0m
[97m[INFO ] Selecting reference view using strategy: saddle_balanced[0m
[97m[INFO ] Selecting reference view using strategy: saddle_balanced[0m
[97m[INFO ] Selecting reference view using strategy: saddle_balanced[0m
[97m[INFO ] Selecting reference view using strategy: saddle_balanced[0m
[97m[INFO ] Selecting reference view using strategy: saddle_balanced[0m
[97m[INFO ] Selecting reference view using strategy: saddle_balanced[0m
[97m[INFO ] Selecting reference view using strategy: saddle_balanced[0m
[97m[INFO ] Selecting reference view using strategy: saddle_balanced[0m
[97m[INFO ] Selecting reference view using strategy: saddle_balanced[0m
[97m[INFO ] Selecting reference view using strategy: saddle_balanced[0m
[97m[INFO ] Selecting reference view using strategy: saddle_balanced[0m
[97m[INFO ] Selecting reference view using strategy: saddle_balanced[0m
[97m[INFO ] Selecting reference view using strategy: saddle_balanced[0m
[97m[INFO ] Selecting reference view using strategy: saddle_balanced[0m
[97m[INFO ] Selecting reference view using strategy: saddle_balanced[0m
[97m[INFO ] Selecting reference view using strategy: saddle_balanced[0m
[97m[INFO ] Selecting reference view using strategy: saddle_balanced[0m
[97m[INFO ] Selecting reference view using strategy: saddle_balanced[0m
[97m[INFO ] Selecting reference view using strategy: saddle_balanced[0m
[fovbench]   frame 35/50 (21s)
[97m[INFO ] Selecting reference view using strategy: saddle_balanced[0m
[97m[INFO ] Selecting reference view using strategy: saddle_balanced[0m
[97m[INFO ] Selecting reference view using strategy: saddle_balanced[0m
[97m[INFO ] Selecting reference view using strategy: saddle_balanced[0m
[97m[INFO ] Selecting reference view using strategy: saddle_balanced[0m
[97m[INFO ] Selecting reference view using strategy: saddle_balanced[0m
[97m[INFO ] Selecting reference view using strategy: saddle_balanced[0m
[97m[INFO ] Selecting reference view using strategy: saddle_balanced[0m
[97m[INFO ] Selecting reference view using strategy: saddle_balanced[0m
[97m[INFO ] Selecting reference view using strategy: saddle_balanced[0m
[fovbench]   frame 40/50 (21s)
[97m[INFO ] Selecting reference view using strategy: saddle_balanced[0m
[97m[INFO ] Selecting reference view using strategy: saddle_balanced[0m
[97m[INFO ] Selecting reference view using strategy: saddle_balanced[0m
[97m[INFO ] Selecting reference view using strategy: saddle_balanced[0m
[97m[INFO ] Selecting reference view using strategy: saddle_balanced[0m
[97m[INFO ] Selecting reference view using strategy: saddle_balanced[0m
[97m[INFO ] Selecting reference view using strategy: saddle_balanced[0m
[97m[INFO ] Selecting reference view using strategy: saddle_balanced[0m
[97m[INFO ] Selecting reference view using strategy: saddle_balanced[0m
[97m[INFO ] Selecting reference view using strategy: saddle_balanced[0m
[fovbench]   frame 45/50 (22s)
[97m[INFO ] Selecting reference view using strategy: saddle_balanced[0m
[97m[INFO ] Selecting reference view using strategy: saddle_balanced[0m
[97m[INFO ] Selecting reference view using strategy: saddle_balanced[0m
[97m[INFO ] Selecting reference view using strategy: saddle_balanced[0m
[97m[INFO ] Selecting reference view using strategy: saddle_balanced[0m
[97m[INFO ] Selecting reference view using strategy: saddle_balanced[0m
[97m[INFO ] Selecting reference view using strategy: saddle_balanced[0m
[97m[INFO ] Selecting reference view using strategy: saddle_balanced[0m
[fovbench]   frame 50/50 (24s)
[fovbench]   done in 24s

========================================================================================
  ADT-FOV test · adt-fov-v1 · split 8ca25fd0ebd2
========================================================================================
  50 frames over 1 sequence(s): Apartment_release_clean_seq131_M1292
  streams ['synthetic', 'real'] · views ['rect', 'fisheye'] · protocols ['radial']
  GT valid <= 10.0 m; predictions beyond 100.0 m excluded from the metrics

  PROTOCOL: the scale (and shift) is fitted ONCE per frame, over every valid
  pixel, and then frozen; binning is a masking step applied afterwards. Every
  cell above — AbsRel, delta1, RMSE, and `pen` — obeys that.

  pen    = AbsRel(outermost bin) / AbsRel(innermost)  — how much worse the
           periphery is, in the metric a downstream user reads.
  Absolute AbsRel is comparable only WITHIN an alignment protocol — see the
  MODELS block: models sharing an `align=` may be read against each other,
  one scored differently may not. pen is comparable across all of them,
  being a within-model ratio.

  RADIAL · rect · AbsRel   (deg off-axis)
  --------------------------------------------------------------------------------
  model         stream        0-10   10-20   20-30   30-40   40-50   50-55     pen
  --------------------------------------------------------------------------------
  da3_large     real         0.066   0.065   0.059   0.069   0.073   0.080    1.21
  da3_large     synthetic    0.042   0.042   0.042   0.053   0.057   0.056    1.32
  da3_small     real         0.135   0.142   0.131   0.124   0.123   0.131    0.97
  da3_small     synthetic    0.134   0.139   0.130   0.124   0.127   0.134    1.00
  vggt_1b       real         0.099   0.092   0.089   0.097   0.100   0.118    1.20
  vggt_1b       synthetic    0.067   0.066   0.067   0.076   0.080   0.090    1.34
  vggt_omega    real         0.060   0.056   0.050   0.058   0.058   0.051    0.85
  vggt_omega    synthetic    0.041   0.040   0.039   0.043   0.044   0.040    0.96

  RADIAL · rect · delta1   (deg off-axis)
  --------------------------------------------------------------------------------
  model         stream        0-10   10-20   20-30   30-40   40-50   50-55     pen
  --------------------------------------------------------------------------------
  da3_large     real         0.942   0.940   0.946   0.936   0.929   0.916    1.21
  da3_large     synthetic    0.976   0.973   0.975   0.963   0.960   0.966    1.32
  da3_small     real         0.867   0.850   0.855   0.851   0.834   0.815    0.97
  da3_small     synthetic    0.864   0.852   0.858   0.865   0.845   0.829    1.00
  vggt_1b       real         0.893   0.895   0.910   0.901   0.889   0.834    1.20
  vggt_1b       synthetic    0.953   0.948   0.951   0.940   0.921   0.881    1.34
  vggt_omega    real         0.927   0.943   0.960   0.949   0.952   0.956    0.85
  vggt_omega    synthetic    0.972   0.970   0.974   0.967   0.968   0.975    0.96

  RADIAL · fisheye · AbsRel   (deg off-axis)
  --------------------------------------------------------------------------------
  model         stream        0-10   10-20   20-30   30-40   40-50   50-55     pen
  --------------------------------------------------------------------------------
  da3_large     real         0.084   0.086   0.084   0.092   0.107   0.139    1.66
  da3_large     synthetic    0.068   0.069   0.073   0.088   0.102   0.134    1.96
  da3_small     real         0.159   0.167   0.153   0.144   0.153   0.195    1.22
  da3_small     synthetic    0.157   0.164   0.152   0.145   0.153   0.198    1.26
  vggt_1b       real         0.131   0.121   0.118   0.134   0.157   0.192    1.46
  vggt_1b       synthetic    0.102   0.105   0.111   0.130   0.154   0.185    1.82
  vggt_omega    real         0.078   0.075   0.066   0.070   0.087   0.125    1.61
  vggt_omega    synthetic    0.072   0.070   0.066   0.069   0.087   0.134    1.85

  RADIAL · fisheye · delta1   (deg off-axis)
  --------------------------------------------------------------------------------
  model         stream        0-10   10-20   20-30   30-40   40-50   50-55     pen
  --------------------------------------------------------------------------------
  da3_large     real         0.927   0.924   0.934   0.914   0.889   0.841    1.66
  da3_large     synthetic    0.952   0.959   0.955   0.917   0.895   0.864    1.96
  da3_small     real         0.842   0.827   0.834   0.834   0.801   0.734    1.22
  da3_small     synthetic    0.846   0.825   0.844   0.847   0.823   0.739    1.26
  vggt_1b       real         0.853   0.862   0.872   0.849   0.803   0.748    1.46
  vggt_1b       synthetic    0.911   0.895   0.883   0.849   0.808   0.770    1.82
  vggt_omega    real         0.921   0.926   0.951   0.946   0.923   0.893    1.61
  vggt_omega    synthetic    0.945   0.941   0.956   0.948   0.926   0.866    1.85

  COVERAGE · mean valid samples per incidence bin (radial protocol)
  ----------------------------------------------------------------------------------
  view      stream        px     0-10    10-20    20-30    30-40    40-50    50-55
  fisheye   real         512     4825    15659    29276    46490    66251    35406
  fisheye   real         518     4944    16022    29952    47591    67826    36239
  fisheye   synthetic    512     4825    15659    29276    46490    66251    35406
  fisheye   synthetic    518     4944    16022    29952    47591    67826    36239
  rect      real         512     7745    25247    50035    92353    83861     2874
  rect      real         518     7926    25855    51196    94557    85821     2940
  rect      synthetic    512     7745    25247    50035    92353    83861     2874
  rect      synthetic    518     7926    25855    51196    94557    85821     2940
  A rectified ~85 deg pinhole has no pixels past 42.3 deg off-axis except
  in its corners (52.6 deg at most). Empty outer bins there are geometry,
  not model failure — and are themselves the cost of rectifying.

  RING COVERAGE · how much of each annulus the view images — geometry only
  ----------------------------------------------------------------------------------
  view         px  whole to       0-10    10-20    20-30    30-40    40-50    50-55
  fisheye     512     54.6°       100%     100%     100%     100%     100%      98%
    mean θ                         6.7     15.6     25.4     35.3     45.2     52.4
  fisheye     518     54.6°       100%     100%     100%     100%     100%      98%
    mean θ                         6.7     15.6     25.4     35.3     45.2     52.4
  rect        512     42.2°       100%     100%     100%     100%      55%       3%
    mean θ                         6.7     15.7     25.5     35.5     43.8     50.7
  rect        518     42.2°       100%     100%     100%     100%      55%       3%
    mean θ                         6.7     15.7     25.5     35.5     43.8     50.7
  `whole to` is the last angle at which EVERY azimuth is imaged. Past it a
  bin is corner wedges, not a ring, so a `pen` spanning it is not the same
  measurement in both views — compare the two only where both read 100%.

  BIN DEPTH · median GT depth per incidence bin (m) — a confound, not a score
  ----------------------------------------------------------------------------------
  view      stream              px     0-10    10-20    20-30    30-40    40-50    50-55
  fisheye   real+synthetic     512     2.86     2.77     2.58     2.20     1.90     1.68
  fisheye   real+synthetic     518     2.86     2.77     2.58     2.20     1.90     1.68
  rect      real+synthetic     512     2.86     2.77     2.58     2.19     1.91     2.00
  rect      real+synthetic     518     2.86     2.77     2.58     2.19     1.91     2.01
  Read the AbsRel tables against this row: a bin that is both farther and
  worse has not yet been shown to be worse *because of* where it sits.

  MODELS
  ------------------------------------------------------------
  da3_large     Depth-Anything-3 Large · 411M · align=scale_shift · views at 518px
  da3_small     Depth-Anything-3 Small · 34M · align=scale_shift · views at 518px
  vggt_1b       VGGT 1B · 1191M · align=scale_shift · views at 518px
  vggt_omega    VGGT-Omega 1B/512 · 1144M · align=scale_shift · views at 512px


[fovbench] wrote eval_out/fovbench-rect-fix/partB_10c/results.json (+ csv, report.txt, figures/)
