[h14/roundtrip_ring] 4 sequences, 240 frames
[93m[WARN ] Dependency `gsplat` is required for rendering 3DGS. Install via: pip install git+https://github.com/nerfstudio-project/gsplat.git@0b4dddf04cb687367602c01196913cde6a743d70[0m
Warning: You are sending unauthenticated requests to the HF Hub. Please set a HF_TOKEN to enable higher rate limits and faster downloads.
[97m[INFO ] using MLP layer as FFN[0m
[h14/roundtrip_ring] LoRA 122.9k params, scale_align=True
[h14/roundtrip_ring] ep00 depth 0.0013 (240 steps, 28.9s)
[h14/roundtrip_ring] ep01 depth 0.0013 (240 steps, 8.3s)
[h14/roundtrip_ring] ep02 depth 0.0013 (240 steps, 8.1s)
[h14/roundtrip_ring] ep03 depth 0.0013 (240 steps, 8.0s)
[h14/roundtrip_ring] ep04 depth 0.0013 (240 steps, 8.0s)
[h14/roundtrip_ring] ep05 depth 0.0012 (240 steps, 7.7s)
[h14/roundtrip_ring] ep06 depth 0.0012 (240 steps, 8.2s)
[h14/roundtrip_ring] ep07 depth 0.0013 (240 steps, 8.5s)
[h14/roundtrip_ring] ep08 depth 0.0014 (240 steps, 7.5s)
[h14/roundtrip_ring] ep09 depth 0.0013 (240 steps, 6.7s)
[h14/roundtrip_ring] ep10 depth 0.0014 (240 steps, 6.7s)
[h14/roundtrip_ring] ep11 depth 0.0013 (240 steps, 6.7s)
[h14/roundtrip_ring] ep12 depth 0.0013 (240 steps, 6.8s)
[h14/roundtrip_ring] ep13 depth 0.0014 (240 steps, 7.5s)
[h14/roundtrip_ring] ep14 depth 0.0013 (240 steps, 8.3s)
[h14/roundtrip_ring] ep15 depth 0.0013 (240 steps, 8.7s)
[h14/roundtrip_ring] ep16 depth 0.0013 (240 steps, 8.7s)
[h14/roundtrip_ring] ep17 depth 0.0013 (240 steps, 8.7s)
[h14/roundtrip_ring] ep18 depth 0.0012 (240 steps, 8.8s)
[h14/roundtrip_ring] ep19 depth 0.0012 (240 steps, 8.8s)
[h14/roundtrip_ring] done -> /user/f.zhang2/projects/vggt-omega-organized/results/autoresearch-h14-rectdistill/roundtrip_ring
MARKER_train_roundtrip_ring=0
