Warning: You are sending unauthenticated requests to the HF Hub. Please set a HF_TOKEN to enable higher rate limits and faster downloads.
/user/f.zhang2/projects/vggt-omega-organized/VGGT-360-fisheye/vggt_visfeat/models/vggt.py:72: FutureWarning: `torch.cuda.amp.autocast(args...)` is deprecated. Please use `torch.amp.autocast('cuda', args...)` instead.
  with torch.cuda.amp.autocast(enabled=False):
  [ADT] 6 usable sequence(s) (need: depth_npy, videos_synthetic, videos_rgb)
  [ADT]   SKIP Apartment_release_clean_seq137_M1292: missing/empty ['depth_npy', 'videos_synthetic']
  [ADT]   SKIP Apartment_release_clean_seq138_M1292: missing/empty ['depth_npy', 'videos_synthetic']
  [ADT]   SKIP Apartment_release_clean_seq140_M1292: missing/empty ['depth_npy', 'videos_synthetic']
  [ADT]   SKIP Apartment_release_clean_seq141_M1292: missing/empty ['depth_npy', 'videos_synthetic']
  [ADT]   SKIP Apartment_release_clean_seq142_M1292: missing/empty ['depth_npy', 'videos_synthetic']
  [ADT]   SKIP Apartment_release_clean_seq143_M1292: missing/empty ['depth_npy', 'videos_synthetic']
  [ADT]   SKIP Apartment_release_clean_seq144_M1292: missing/empty ['depth_npy', 'videos_synthetic']
  [ADT]   SKIP Apartment_release_clean_seq145_M1292: missing/empty ['depth_npy', 'videos_synthetic']
  [ADT]   SKIP Apartment_release_clean_seq146_M1292: missing/empty ['depth_npy', 'videos_synthetic']
  [ADT]   SKIP Apartment_release_clean_seq147_M1292: missing/empty ['depth_npy', 'videos_synthetic']
  [ADT]   SKIP Apartment_release_clean_seq148_M1292: missing/empty ['depth_npy', 'videos_synthetic']
  [ADT]   SKIP Apartment_release_clean_seq149_M1292: missing/empty ['depth_npy', 'videos_synthetic']
  [ADT]   SKIP Apartment_release_clean_seq150_M1292: missing/empty ['depth_npy', 'videos_synthetic']
  [ADT]   SKIP exocentric_rendered: missing/empty ['depth_npy', 'videos_synthetic', 'videos_rgb']
  [fovbench] Apartment_release_clean_seq131_M1292: 50 of 2878 common frames
  [fovbench] Apartment_release_clean_seq133_M1292: 50 of 399 common frames
  [fovbench] Apartment_release_clean_seq134_M1292: 50 of 399 common frames
  [fovbench] Apartment_release_clean_seq135_M1292: 50 of 399 common frames
  [fovbench] Apartment_release_clean_seq136_M1292: 50 of 399 common frames
  [fovbench] Apartment_release_decoration_seq132_M1292: 50 of 399 common frames
  [fovbench] ADT-FOV split 601fcb22767e: 300 frames across 6 sequence(s), streams=['synthetic', 'real']

[fovbench] ══ vggt_1b ══
[fovbench]   VGGT 1B | 1191M params | align=scale_shift | views rendered at 518px
[fovbench]   frame 5/300 (10s)
[fovbench]   frame 10/300 (12s)
[fovbench]   frame 15/300 (14s)
[fovbench]   frame 20/300 (16s)
[fovbench]   frame 25/300 (18s)
[fovbench]   frame 30/300 (20s)
[fovbench]   frame 35/300 (23s)
[fovbench]   frame 40/300 (25s)
[fovbench]   frame 45/300 (27s)
[fovbench]   frame 50/300 (29s)
[fovbench]   frame 55/300 (31s)
[fovbench]   frame 60/300 (33s)
[fovbench]   frame 65/300 (35s)
[fovbench]   frame 70/300 (37s)
[fovbench]   frame 75/300 (39s)
[fovbench]   frame 80/300 (41s)
[fovbench]   frame 85/300 (43s)
[fovbench]   frame 90/300 (45s)
[fovbench]   frame 95/300 (47s)
[fovbench]   frame 100/300 (49s)
[fovbench]   frame 105/300 (51s)
[fovbench]   frame 110/300 (53s)
[fovbench]   frame 115/300 (55s)
[fovbench]   frame 120/300 (57s)
[fovbench]   frame 125/300 (60s)
[fovbench]   frame 130/300 (62s)
[fovbench]   frame 135/300 (64s)
[fovbench]   frame 140/300 (66s)
[fovbench]   frame 145/300 (68s)
[fovbench]   frame 150/300 (70s)
[fovbench]   frame 155/300 (72s)
[fovbench]   frame 160/300 (74s)
[fovbench]   frame 165/300 (76s)
[fovbench]   frame 170/300 (78s)
[fovbench]   frame 175/300 (80s)
[fovbench]   frame 180/300 (82s)
[fovbench]   frame 185/300 (84s)
[fovbench]   frame 190/300 (86s)
[fovbench]   frame 195/300 (88s)
[fovbench]   frame 200/300 (90s)
[fovbench]   frame 205/300 (92s)
[fovbench]   frame 210/300 (94s)
[fovbench]   frame 215/300 (97s)
[fovbench]   frame 220/300 (99s)
[fovbench]   frame 225/300 (101s)
[fovbench]   frame 230/300 (103s)
[fovbench]   frame 235/300 (105s)
[fovbench]   frame 240/300 (107s)
[fovbench]   frame 245/300 (109s)
[fovbench]   frame 250/300 (111s)
[fovbench]   frame 255/300 (113s)
[fovbench]   frame 260/300 (115s)
[fovbench]   frame 265/300 (117s)
[fovbench]   frame 270/300 (119s)
[fovbench]   frame 275/300 (121s)
[fovbench]   frame 280/300 (123s)
[fovbench]   frame 285/300 (125s)
[fovbench]   frame 290/300 (127s)
[fovbench]   frame 295/300 (129s)
[fovbench]   frame 300/300 (131s)
[fovbench]   done in 131s

[fovbench] ══ vggt_omega ══
[fovbench]   VGGT-Omega 1B/512 | 1144M params | align=scale_shift | views rendered at 512px
[fovbench]   frame 5/300 (10s)
[fovbench]   frame 10/300 (11s)
[fovbench]   frame 15/300 (13s)
[fovbench]   frame 20/300 (15s)
[fovbench]   frame 25/300 (17s)
[fovbench]   frame 30/300 (18s)
[fovbench]   frame 35/300 (20s)
[fovbench]   frame 40/300 (22s)
[fovbench]   frame 45/300 (24s)
[fovbench]   frame 50/300 (26s)
[fovbench]   frame 55/300 (27s)
[fovbench]   frame 60/300 (29s)
[fovbench]   frame 65/300 (31s)
[fovbench]   frame 70/300 (32s)
[fovbench]   frame 75/300 (34s)
[fovbench]   frame 80/300 (36s)
[fovbench]   frame 85/300 (38s)
[fovbench]   frame 90/300 (39s)
[fovbench]   frame 95/300 (41s)
[fovbench]   frame 100/300 (43s)
[fovbench]   frame 105/300 (44s)
[fovbench]   frame 110/300 (46s)
[fovbench]   frame 115/300 (48s)
[fovbench]   frame 120/300 (50s)
[fovbench]   frame 125/300 (51s)
[fovbench]   frame 130/300 (53s)
[fovbench]   frame 135/300 (55s)
[fovbench]   frame 140/300 (57s)
[fovbench]   frame 145/300 (58s)
[fovbench]   frame 150/300 (60s)
[fovbench]   frame 155/300 (62s)
[fovbench]   frame 160/300 (63s)
[fovbench]   frame 165/300 (65s)
[fovbench]   frame 170/300 (67s)
[fovbench]   frame 175/300 (69s)
[fovbench]   frame 180/300 (70s)
[fovbench]   frame 185/300 (72s)
[fovbench]   frame 190/300 (74s)
[fovbench]   frame 195/300 (75s)
[fovbench]   frame 200/300 (77s)
[fovbench]   frame 205/300 (79s)
[fovbench]   frame 210/300 (81s)
[fovbench]   frame 215/300 (82s)
[fovbench]   frame 220/300 (84s)
[fovbench]   frame 225/300 (86s)
[fovbench]   frame 230/300 (88s)
[fovbench]   frame 235/300 (89s)
[fovbench]   frame 240/300 (91s)
[fovbench]   frame 245/300 (93s)
[fovbench]   frame 250/300 (94s)
[fovbench]   frame 255/300 (96s)
[fovbench]   frame 260/300 (98s)
[fovbench]   frame 265/300 (100s)
[fovbench]   frame 270/300 (101s)
[fovbench]   frame 275/300 (103s)
[fovbench]   frame 280/300 (105s)
[fovbench]   frame 285/300 (106s)
[fovbench]   frame 290/300 (108s)
[fovbench]   frame 295/300 (110s)
[fovbench]   frame 300/300 (111s)
[fovbench]   done in 112s

[fovbench] ══ dav2_large ══
Loading weights:   0%|          | 0/503 [00:00<?, ?it/s]Loading weights: 100%|██████████| 503/503 [00:00<00:00, 6810.06it/s]
[fovbench]   Depth-Anything-V2 Large | 335M params | align=disparity_scale_shift | views rendered at 518px
[fovbench]   frame 5/300 (7s)
[fovbench]   frame 10/300 (9s)
[fovbench]   frame 15/300 (10s)
[fovbench]   frame 20/300 (12s)
[fovbench]   frame 25/300 (14s)
[fovbench]   frame 30/300 (16s)
[fovbench]   frame 35/300 (17s)
[fovbench]   frame 40/300 (19s)
[fovbench]   frame 45/300 (21s)
[fovbench]   frame 50/300 (23s)
[fovbench]   frame 55/300 (24s)
[fovbench]   frame 60/300 (26s)
[fovbench]   frame 65/300 (28s)
[fovbench]   frame 70/300 (30s)
[fovbench]   frame 75/300 (31s)
[fovbench]   frame 80/300 (33s)
[fovbench]   frame 85/300 (35s)
[fovbench]   frame 90/300 (37s)
[fovbench]   frame 95/300 (38s)
[fovbench]   frame 100/300 (40s)
[fovbench]   frame 105/300 (42s)
[fovbench]   frame 110/300 (44s)
[fovbench]   frame 115/300 (45s)
[fovbench]   frame 120/300 (47s)
[fovbench]   frame 125/300 (49s)
[fovbench]   frame 130/300 (51s)
[fovbench]   frame 135/300 (52s)
[fovbench]   frame 140/300 (54s)
[fovbench]   frame 145/300 (56s)
[fovbench]   frame 150/300 (58s)
[fovbench]   frame 155/300 (59s)
[fovbench]   frame 160/300 (61s)
[fovbench]   frame 165/300 (63s)
[fovbench]   frame 170/300 (65s)
[fovbench]   frame 175/300 (66s)
[fovbench]   frame 180/300 (68s)
[fovbench]   frame 185/300 (70s)
[fovbench]   frame 190/300 (72s)
[fovbench]   frame 195/300 (73s)
[fovbench]   frame 200/300 (75s)
[fovbench]   frame 205/300 (77s)
[fovbench]   frame 210/300 (79s)
[fovbench]   frame 215/300 (80s)
[fovbench]   frame 220/300 (82s)
[fovbench]   frame 225/300 (84s)
[fovbench]   frame 230/300 (86s)
[fovbench]   frame 235/300 (87s)
[fovbench]   frame 240/300 (89s)
[fovbench]   frame 245/300 (91s)
[fovbench]   frame 250/300 (93s)
[fovbench]   frame 255/300 (94s)
[fovbench]   frame 260/300 (96s)
[fovbench]   frame 265/300 (98s)
[fovbench]   frame 270/300 (100s)
[fovbench]   frame 275/300 (101s)
[fovbench]   frame 280/300 (103s)
[fovbench]   frame 285/300 (105s)
[fovbench]   frame 290/300 (106s)
[fovbench]   frame 295/300 (108s)
[fovbench]   frame 300/300 (110s)
[fovbench]   done in 110s

[fovbench] ══ da3_large ══
[93m[WARN ] Dependency `gsplat` is required for rendering 3DGS. Install via: pip install git+https://github.com/nerfstudio-project/gsplat.git@0b4dddf04cb687367602c01196913cde6a743d70[0m
[97m[INFO ] using MLP layer as FFN[0m
[fovbench]   Depth-Anything-3 Large | 411M params | align=scale_shift | views rendered at 518px
[fovbench]   frame 5/300 (6s)
[fovbench]   frame 10/300 (7s)
[fovbench]   frame 15/300 (9s)
[fovbench]   frame 20/300 (10s)
[fovbench]   frame 25/300 (12s)
[fovbench]   frame 30/300 (14s)
[fovbench]   frame 35/300 (15s)
[fovbench]   frame 40/300 (17s)
[fovbench]   frame 45/300 (19s)
[fovbench]   frame 50/300 (20s)
[fovbench]   frame 55/300 (22s)
[fovbench]   frame 60/300 (24s)
[fovbench]   frame 65/300 (25s)
[fovbench]   frame 70/300 (27s)
[fovbench]   frame 75/300 (28s)
[fovbench]   frame 80/300 (30s)
[fovbench]   frame 85/300 (32s)
[fovbench]   frame 90/300 (33s)
[fovbench]   frame 95/300 (35s)
[fovbench]   frame 100/300 (37s)
[fovbench]   frame 105/300 (38s)
[fovbench]   frame 110/300 (40s)
[fovbench]   frame 115/300 (41s)
[fovbench]   frame 120/300 (43s)
[fovbench]   frame 125/300 (45s)
[fovbench]   frame 130/300 (46s)
[fovbench]   frame 135/300 (48s)
[fovbench]   frame 140/300 (49s)
[fovbench]   frame 145/300 (51s)
[fovbench]   frame 150/300 (53s)
[fovbench]   frame 155/300 (54s)
[fovbench]   frame 160/300 (56s)
[fovbench]   frame 165/300 (58s)
[fovbench]   frame 170/300 (59s)
[fovbench]   frame 175/300 (61s)
[fovbench]   frame 180/300 (62s)
[fovbench]   frame 185/300 (64s)
[fovbench]   frame 190/300 (66s)
[fovbench]   frame 195/300 (67s)
[fovbench]   frame 200/300 (69s)
[fovbench]   frame 205/300 (71s)
[fovbench]   frame 210/300 (72s)
[fovbench]   frame 215/300 (74s)
[fovbench]   frame 220/300 (75s)
[fovbench]   frame 225/300 (77s)
[fovbench]   frame 230/300 (79s)
[fovbench]   frame 235/300 (80s)
[fovbench]   frame 240/300 (82s)
[fovbench]   frame 245/300 (83s)
[fovbench]   frame 250/300 (85s)
[fovbench]   frame 255/300 (87s)
[fovbench]   frame 260/300 (88s)
[fovbench]   frame 265/300 (90s)
[fovbench]   frame 270/300 (92s)
[fovbench]   frame 275/300 (93s)
[fovbench]   frame 280/300 (95s)
[fovbench]   frame 285/300 (96s)
[fovbench]   frame 290/300 (98s)
[fovbench]   frame 295/300 (100s)
[fovbench]   frame 300/300 (101s)
[fovbench]   done in 101s

[fovbench] ══ da3_small ══
[97m[INFO ] using MLP layer as FFN[0m
[fovbench]   Depth-Anything-3 Small | 34M params | align=scale_shift | views rendered at 518px
[fovbench]   frame 5/300 (2s)
[fovbench]   frame 10/300 (4s)
[fovbench]   frame 15/300 (5s)
[fovbench]   frame 20/300 (7s)
[fovbench]   frame 25/300 (8s)
[fovbench]   frame 30/300 (9s)
[fovbench]   frame 35/300 (11s)
[fovbench]   frame 40/300 (12s)
[fovbench]   frame 45/300 (14s)
[fovbench]   frame 50/300 (15s)
[fovbench]   frame 55/300 (16s)
[fovbench]   frame 60/300 (18s)
[fovbench]   frame 65/300 (19s)
[fovbench]   frame 70/300 (21s)
[fovbench]   frame 75/300 (22s)
[fovbench]   frame 80/300 (24s)
[fovbench]   frame 85/300 (25s)
[fovbench]   frame 90/300 (26s)
[fovbench]   frame 95/300 (28s)
[fovbench]   frame 100/300 (29s)
[fovbench]   frame 105/300 (31s)
[fovbench]   frame 110/300 (32s)
[fovbench]   frame 115/300 (33s)
[fovbench]   frame 120/300 (35s)
[fovbench]   frame 125/300 (36s)
[fovbench]   frame 130/300 (38s)
[fovbench]   frame 135/300 (39s)
[fovbench]   frame 140/300 (40s)
[fovbench]   frame 145/300 (42s)
[fovbench]   frame 150/300 (43s)
[fovbench]   frame 155/300 (45s)
[fovbench]   frame 160/300 (46s)
[fovbench]   frame 165/300 (47s)
[fovbench]   frame 170/300 (49s)
[fovbench]   frame 175/300 (50s)
[fovbench]   frame 180/300 (52s)
[fovbench]   frame 185/300 (53s)
[fovbench]   frame 190/300 (54s)
[fovbench]   frame 195/300 (56s)
[fovbench]   frame 200/300 (57s)
[fovbench]   frame 205/300 (59s)
[fovbench]   frame 210/300 (60s)
[fovbench]   frame 215/300 (61s)
[fovbench]   frame 220/300 (63s)
[fovbench]   frame 225/300 (64s)
[fovbench]   frame 230/300 (66s)
[fovbench]   frame 235/300 (67s)
[fovbench]   frame 240/300 (68s)
[fovbench]   frame 245/300 (70s)
[fovbench]   frame 250/300 (71s)
[fovbench]   frame 255/300 (73s)
[fovbench]   frame 260/300 (74s)
[fovbench]   frame 265/300 (75s)
[fovbench]   frame 270/300 (77s)
[fovbench]   frame 275/300 (78s)
[fovbench]   frame 280/300 (80s)
[fovbench]   frame 285/300 (81s)
[fovbench]   frame 290/300 (82s)
[fovbench]   frame 295/300 (84s)
[fovbench]   frame 300/300 (85s)
[fovbench]   done in 85s

[fovbench] ══ vggt360 ══
[vggt360] loading facebook/VGGT-1B (fov60 tilt26 ring8 fuse=attn head=depth adaptive sa-mask 518px bf16)
[vggt360]   weight check OK: 1403 keys matched
[fovbench]   vggt360 fov60 tilt26 ring8 fuse=attn head=depth adaptive sa-mask 518px bf16 | 1191M params | align=scale_shift | views rendered at 518px
[fovbench]   frame 5/300 (65s)
[fovbench]   frame 10/300 (119s)
[fovbench]   frame 15/300 (173s)
[fovbench]   frame 20/300 (229s)
[fovbench]   frame 25/300 (283s)
[fovbench]   frame 30/300 (336s)
[fovbench]   frame 35/300 (393s)
[fovbench]   frame 40/300 (449s)
[fovbench]   frame 45/300 (505s)
[fovbench]   frame 50/300 (561s)
[fovbench]   frame 55/300 (618s)
[fovbench]   frame 60/300 (673s)
[fovbench]   frame 65/300 (727s)
[fovbench]   frame 70/300 (782s)
[fovbench]   frame 75/300 (838s)
[fovbench]   frame 80/300 (895s)
[fovbench]   frame 85/300 (949s)
[fovbench]   frame 90/300 (1006s)
[fovbench]   frame 95/300 (1059s)
[fovbench]   frame 100/300 (1113s)
[fovbench]   frame 105/300 (1168s)
[fovbench]   frame 110/300 (1224s)
[fovbench]   frame 115/300 (1278s)
[fovbench]   frame 120/300 (1330s)
[fovbench]   frame 125/300 (1386s)
[fovbench]   frame 130/300 (1441s)
[fovbench]   frame 135/300 (1496s)
[fovbench]   frame 140/300 (1552s)
[fovbench]   frame 145/300 (1605s)
[fovbench]   frame 150/300 (1661s)
[fovbench]   frame 155/300 (1717s)
[fovbench]   frame 160/300 (1773s)
[fovbench]   frame 165/300 (1828s)
[fovbench]   frame 170/300 (1882s)
[fovbench]   frame 175/300 (1936s)
[fovbench]   frame 180/300 (1990s)
[fovbench]   frame 185/300 (2044s)
[fovbench]   frame 190/300 (2099s)
[fovbench]   frame 195/300 (2153s)
[fovbench]   frame 200/300 (2206s)
[fovbench]   frame 205/300 (2260s)
[fovbench]   frame 210/300 (2314s)
[fovbench]   frame 215/300 (2368s)
[fovbench]   frame 220/300 (2421s)
[fovbench]   frame 225/300 (2476s)
[fovbench]   frame 230/300 (2531s)
[fovbench]   frame 235/300 (2586s)
[fovbench]   frame 240/300 (2640s)
[fovbench]   frame 245/300 (2692s)
[fovbench]   frame 250/300 (2746s)
[fovbench]   frame 255/300 (2801s)
[fovbench]   frame 260/300 (2857s)
[fovbench]   frame 265/300 (2912s)
[fovbench]   frame 270/300 (2967s)
[fovbench]   frame 275/300 (3023s)
[fovbench]   frame 280/300 (3078s)
[fovbench]   frame 285/300 (3132s)
[fovbench]   frame 290/300 (3186s)
[fovbench]   frame 295/300 (3246s)
[fovbench]   frame 300/300 (3298s)
[fovbench]   done in 3298s

========================================================================================
  ADT-FOV test · adt-fov-v1 · split 601fcb22767e
========================================================================================
  300 frames over 6 sequence(s): Apartment_release_clean_seq131_M1292, Apartment_release_clean_seq133_M1292, Apartment_release_clean_seq134_M1292, Apartment_release_clean_seq135_M1292, Apartment_release_clean_seq136_M1292, Apartment_release_decoration_seq132_M1292
  streams ['synthetic', 'real'] · views ['fisheye'] · protocols ['radial']
  GT valid <= 10.0 m; predictions beyond 100.0 m excluded from the metrics

  PROTOCOL: the scale (and shift) is fitted ONCE per frame, over every valid
  pixel, and then frozen; binning is a masking step applied afterwards. Every
  cell above — AbsRel, delta1, RMSE, and `pen` — obeys that.

  pen    = AbsRel(outermost bin) / AbsRel(innermost)  — how much worse the
           periphery is, in the metric a downstream user reads.
  Absolute AbsRel is comparable only WITHIN an alignment protocol — see the
  MODELS block: models sharing an `align=` may be read against each other,
  one scored differently may not. pen is comparable across all of them,
  being a within-model ratio.

  RADIAL · fisheye · AbsRel   (deg off-axis)
  --------------------------------------------------------------------------------
  model         stream        0-10   10-20   20-30   30-40   40-50   50-55     pen
  --------------------------------------------------------------------------------
  da3_large     real         0.078   0.088   0.086   0.092   0.116   0.152    1.95
  da3_large     synthetic    0.059   0.061   0.065   0.078   0.100   0.135    2.27
  da3_small     real         0.147   0.165   0.164   0.157   0.174   0.216    1.47
  da3_small     synthetic    0.139   0.153   0.153   0.151   0.173   0.219    1.58
  dav2_large    real         0.138   0.149   0.139   0.139   0.133   0.139    1.01
  dav2_large    synthetic    0.131   0.143   0.145   0.148   0.150   0.170    1.30
  vggt360       real         0.124   0.126   0.124   0.118   0.112   0.130    1.04
  vggt360       synthetic    0.100   0.095   0.093   0.092   0.093   0.109    1.08
  vggt_1b       real         0.096   0.100   0.101   0.108   0.126   0.153    1.60
  vggt_1b       synthetic    0.072   0.072   0.077   0.086   0.106   0.133    1.85
  vggt_omega    real         0.057   0.058   0.056   0.061   0.078   0.116    2.02
  vggt_omega    synthetic    0.051   0.052   0.053   0.059   0.075   0.116    2.27

  RADIAL · fisheye · delta1   (deg off-axis)
  --------------------------------------------------------------------------------
  model         stream        0-10   10-20   20-30   30-40   40-50   50-55     pen
  --------------------------------------------------------------------------------
  da3_large     real         0.930   0.921   0.926   0.911   0.879   0.833    1.95
  da3_large     synthetic    0.967   0.965   0.962   0.942   0.906   0.862    2.27
  da3_small     real         0.850   0.823   0.814   0.809   0.773   0.693    1.47
  da3_small     synthetic    0.851   0.827   0.825   0.822   0.777   0.694    1.58
  dav2_large    real         0.885   0.882   0.884   0.881   0.877   0.855    1.01
  dav2_large    synthetic    0.916   0.898   0.888   0.878   0.865   0.827    1.30
  vggt360       real         0.905   0.886   0.890   0.892   0.883   0.832    1.04
  vggt360       synthetic    0.943   0.937   0.939   0.930   0.916   0.875    1.08
  vggt_1b       real         0.916   0.905   0.907   0.891   0.861   0.823    1.60
  vggt_1b       synthetic    0.953   0.949   0.939   0.919   0.889   0.863    1.85
  vggt_omega    real         0.949   0.952   0.957   0.949   0.936   0.915    2.02
  vggt_omega    synthetic    0.960   0.961   0.963   0.956   0.948   0.919    2.27

  COVERAGE · mean valid samples per incidence bin (radial protocol)
  ----------------------------------------------------------------------------------
  view      stream        px     0-10    10-20    20-30    30-40    40-50    50-55
  fisheye   real         512     4819    15648    29252    46482    66252    35412
  fisheye   real         518     4938    16010    29928    47583    67827    36246
  fisheye   synthetic    512     4819    15648    29252    46482    66252    35412
  fisheye   synthetic    518     4938    16010    29928    47583    67827    36246
  A rectified ~85 deg pinhole has no pixels past 42.3 deg off-axis except
  in its corners (52.6 deg at most). Empty outer bins there are geometry,
  not model failure — and are themselves the cost of rectifying.

  RING COVERAGE · how much of each annulus the view images — geometry only
  ----------------------------------------------------------------------------------
  view         px  whole to       0-10    10-20    20-30    30-40    40-50    50-55
  fisheye     512     54.6°       100%     100%     100%     100%     100%      98%
    mean θ                         6.7     15.6     25.4     35.3     45.2     52.4
  fisheye     518     54.6°       100%     100%     100%     100%     100%      98%
    mean θ                         6.7     15.6     25.4     35.3     45.2     52.4
  `whole to` is the last angle at which EVERY azimuth is imaged. Past it a
  bin is corner wedges, not a ring, so a `pen` spanning it is not the same
  measurement in both views — compare the two only where both read 100%.

  BIN DEPTH · median GT depth per incidence bin (m) — a confound, not a score
  ----------------------------------------------------------------------------------
  view      stream              px     0-10    10-20    20-30    30-40    40-50    50-55
  fisheye   real+synthetic     512     2.96     2.79     2.59     2.29     1.93     1.65
  fisheye   real+synthetic     518     2.96     2.79     2.59     2.29     1.93     1.65
  Read the AbsRel tables against this row: a bin that is both farther and
  worse has not yet been shown to be worse *because of* where it sits.

  MODELS
  ------------------------------------------------------------
  da3_large     Depth-Anything-3 Large · 411M · align=scale_shift · views at 518px
  da3_small     Depth-Anything-3 Small · 34M · align=scale_shift · views at 518px
  dav2_large    Depth-Anything-V2 Large · 335M · align=disparity_scale_shift · views at 518px
  vggt360       vggt360 fov60 tilt26 ring8 fuse=attn head=depth adaptive sa-mask 518px bf16 · 1191M · align=scale_shift · views at 518px
  vggt_1b       VGGT 1B · 1191M · align=scale_shift · views at 518px
  vggt_omega    VGGT-Omega 1B/512 · 1144M · align=scale_shift · views at 512px


[fovbench] wrote eval_out/vggt360-023/fov_A/results.json (+ csv, report.txt, figures/)
