/user/f.zhang2/projects/vggt-omega-organized/VGGT-360-fisheye/vggt_visfeat/models/vggt.py:72: FutureWarning: `torch.cuda.amp.autocast(args...)` is deprecated. Please use `torch.amp.autocast('cuda', args...)` instead.
  with torch.cuda.amp.autocast(enabled=False):
  [ADT] 1 usable sequence(s) (need: depth_npy, videos_synthetic, videos_rgb)
  [ADT]   SKIP Apartment_release_clean_seq133_M1292: missing/empty ['videos_synthetic']
  [ADT]   SKIP Apartment_release_clean_seq134_M1292: missing/empty ['videos_synthetic']
  [ADT]   SKIP Apartment_release_clean_seq135_M1292: missing/empty ['videos_synthetic']
  [ADT]   SKIP Apartment_release_clean_seq136_M1292: missing/empty ['videos_synthetic']
  [ADT]   SKIP Apartment_release_clean_seq137_M1292: missing/empty ['depth_npy', 'videos_synthetic']
  [ADT]   SKIP Apartment_release_clean_seq138_M1292: missing/empty ['depth_npy', 'videos_synthetic']
  [ADT]   SKIP Apartment_release_clean_seq140_M1292: missing/empty ['depth_npy', 'videos_synthetic']
  [ADT]   SKIP Apartment_release_clean_seq141_M1292: missing/empty ['depth_npy', 'videos_synthetic']
  [ADT]   SKIP Apartment_release_clean_seq142_M1292: missing/empty ['depth_npy', 'videos_synthetic']
  [ADT]   SKIP Apartment_release_clean_seq143_M1292: missing/empty ['depth_npy', 'videos_synthetic']
  [ADT]   SKIP Apartment_release_clean_seq144_M1292: missing/empty ['depth_npy', 'videos_synthetic']
  [ADT]   SKIP Apartment_release_clean_seq145_M1292: missing/empty ['depth_npy', 'videos_synthetic']
  [ADT]   SKIP Apartment_release_clean_seq146_M1292: missing/empty ['depth_npy', 'videos_synthetic']
  [ADT]   SKIP Apartment_release_clean_seq147_M1292: missing/empty ['depth_npy', 'videos_synthetic']
  [ADT]   SKIP Apartment_release_clean_seq148_M1292: missing/empty ['depth_npy', 'videos_synthetic']
  [ADT]   SKIP Apartment_release_clean_seq149_M1292: missing/empty ['depth_npy', 'videos_synthetic']
  [ADT]   SKIP Apartment_release_clean_seq150_M1292: missing/empty ['depth_npy', 'videos_synthetic']
  [ADT]   SKIP Apartment_release_decoration_seq132_M1292: missing/empty ['videos_synthetic']
  [ADT]   SKIP exocentric_rendered: missing/empty ['depth_npy', 'videos_synthetic', 'videos_rgb']
  [fovbench] Apartment_release_clean_seq131_M1292: 200 of 2878 common frames
  [fovbench] ADT-FOV split fcc6c600f83b: 200 frames across 1 sequence(s), streams=['synthetic', 'real']

[fovbench] ══ vggt_1b ══
[fovbench]   VGGT 1B | 1191M params | align=scale_shift | views rendered at 518px
[fovbench]   frame 5/200 (16s)
[fovbench]   frame 10/200 (23s)
[fovbench]   frame 15/200 (31s)
[fovbench]   frame 20/200 (38s)
[fovbench]   frame 25/200 (46s)
[fovbench]   frame 30/200 (53s)
[fovbench]   frame 35/200 (61s)
[fovbench]   frame 40/200 (68s)
[fovbench]   frame 45/200 (76s)
[fovbench]   frame 50/200 (84s)
[fovbench]   frame 55/200 (91s)
[fovbench]   frame 60/200 (99s)
[fovbench]   frame 65/200 (107s)
[fovbench]   frame 70/200 (114s)
[fovbench]   frame 75/200 (122s)
[fovbench]   frame 80/200 (130s)
[fovbench]   frame 85/200 (138s)
[fovbench]   frame 90/200 (145s)
[fovbench]   frame 95/200 (153s)
[fovbench]   frame 100/200 (161s)
[fovbench]   frame 105/200 (168s)
[fovbench]   frame 110/200 (176s)
[fovbench]   frame 115/200 (184s)
[fovbench]   frame 120/200 (191s)
[fovbench]   frame 125/200 (199s)
[fovbench]   frame 130/200 (207s)
[fovbench]   frame 135/200 (215s)
[fovbench]   frame 140/200 (222s)
[fovbench]   frame 145/200 (230s)
[fovbench]   frame 150/200 (238s)
[fovbench]   frame 155/200 (245s)
[fovbench]   frame 160/200 (253s)
[fovbench]   frame 165/200 (261s)
[fovbench]   frame 170/200 (268s)
[fovbench]   frame 175/200 (276s)
[fovbench]   frame 180/200 (284s)
[fovbench]   frame 185/200 (292s)
[fovbench]   frame 190/200 (299s)
[fovbench]   frame 195/200 (307s)
[fovbench]   frame 200/200 (315s)
[fovbench]   done in 315s

[fovbench] ══ vggt_omega ══
[fovbench]   VGGT-Omega 1B/512 | 1144M params | align=scale_shift | views rendered at 512px
[fovbench]   frame 5/200 (14s)
[fovbench]   frame 10/200 (18s)
[fovbench]   frame 15/200 (23s)
[fovbench]   frame 20/200 (27s)
[fovbench]   frame 25/200 (32s)
[fovbench]   frame 30/200 (37s)
[fovbench]   frame 35/200 (41s)
[fovbench]   frame 40/200 (46s)
[fovbench]   frame 45/200 (51s)
[fovbench]   frame 50/200 (55s)
[fovbench]   frame 55/200 (60s)
[fovbench]   frame 60/200 (64s)
[fovbench]   frame 65/200 (69s)
[fovbench]   frame 70/200 (73s)
[fovbench]   frame 75/200 (78s)
[fovbench]   frame 80/200 (82s)
[fovbench]   frame 85/200 (87s)
[fovbench]   frame 90/200 (91s)
[fovbench]   frame 95/200 (96s)
[fovbench]   frame 100/200 (100s)
[fovbench]   frame 105/200 (105s)
[fovbench]   frame 110/200 (109s)
[fovbench]   frame 115/200 (114s)
[fovbench]   frame 120/200 (118s)
[fovbench]   frame 125/200 (123s)
[fovbench]   frame 130/200 (127s)
[fovbench]   frame 135/200 (132s)
[fovbench]   frame 140/200 (136s)
[fovbench]   frame 145/200 (141s)
[fovbench]   frame 150/200 (145s)
[fovbench]   frame 155/200 (150s)
[fovbench]   frame 160/200 (154s)
[fovbench]   frame 165/200 (159s)
[fovbench]   frame 170/200 (163s)
[fovbench]   frame 175/200 (168s)
[fovbench]   frame 180/200 (172s)
[fovbench]   frame 185/200 (177s)
[fovbench]   frame 190/200 (181s)
[fovbench]   frame 195/200 (186s)
[fovbench]   frame 200/200 (190s)
[fovbench]   done in 190s

[fovbench] ══ dav2_large ══
Loading weights:   0%|          | 0/503 [00:00<?, ?it/s]Loading weights:  47%|████▋     | 238/503 [00:00<00:00, 2359.26it/s]Loading weights:  94%|█████████▍| 474/503 [00:00<00:00, 2151.75it/s]Loading weights: 100%|██████████| 503/503 [00:00<00:00, 2187.54it/s]
Warning: You are sending unauthenticated requests to the HF Hub. Please set a HF_TOKEN to enable higher rate limits and faster downloads.
[fovbench]   Depth-Anything-V2 Large | 335M params | align=disparity_scale_shift | views rendered at 518px
[fovbench]   frame 5/200 (11s)
[fovbench]   frame 10/200 (16s)
[fovbench]   frame 15/200 (20s)
[fovbench]   frame 20/200 (25s)
[fovbench]   frame 25/200 (29s)
[fovbench]   frame 30/200 (34s)
[fovbench]   frame 35/200 (38s)
[fovbench]   frame 40/200 (43s)
[fovbench]   frame 45/200 (47s)
[fovbench]   frame 50/200 (52s)
[fovbench]   frame 55/200 (56s)
[fovbench]   frame 60/200 (61s)
[fovbench]   frame 65/200 (65s)
[fovbench]   frame 70/200 (70s)
[fovbench]   frame 75/200 (75s)
[fovbench]   frame 80/200 (79s)
[fovbench]   frame 85/200 (84s)
[fovbench]   frame 90/200 (89s)
[fovbench]   frame 95/200 (93s)
[fovbench]   frame 100/200 (98s)
[fovbench]   frame 105/200 (103s)
[fovbench]   frame 110/200 (108s)
[fovbench]   frame 115/200 (112s)
[fovbench]   frame 120/200 (117s)
[fovbench]   frame 125/200 (121s)
[fovbench]   frame 130/200 (126s)
[fovbench]   frame 135/200 (131s)
[fovbench]   frame 140/200 (135s)
[fovbench]   frame 145/200 (140s)
[fovbench]   frame 150/200 (144s)
[fovbench]   frame 155/200 (149s)
[fovbench]   frame 160/200 (154s)
[fovbench]   frame 165/200 (158s)
[fovbench]   frame 170/200 (163s)
[fovbench]   frame 175/200 (167s)
[fovbench]   frame 180/200 (172s)
[fovbench]   frame 185/200 (177s)
[fovbench]   frame 190/200 (181s)
[fovbench]   frame 195/200 (186s)
[fovbench]   frame 200/200 (190s)
[fovbench]   done in 190s

[fovbench] ══ da3_large ══
[93m[WARN ] Dependency `gsplat` is required for rendering 3DGS. Install via: pip install git+https://github.com/nerfstudio-project/gsplat.git@0b4dddf04cb687367602c01196913cde6a743d70[0m
[97m[INFO ] using MLP layer as FFN[0m
[fovbench]   Depth-Anything-3 Large | 411M params | align=scale_shift | views rendered at 518px
[fovbench]   frame 5/200 (9s)
[fovbench]   frame 10/200 (13s)
[fovbench]   frame 15/200 (18s)
[fovbench]   frame 20/200 (22s)
[fovbench]   frame 25/200 (26s)
[fovbench]   frame 30/200 (31s)
[fovbench]   frame 35/200 (35s)
[fovbench]   frame 40/200 (39s)
[fovbench]   frame 45/200 (44s)
[fovbench]   frame 50/200 (48s)
[fovbench]   frame 55/200 (52s)
[fovbench]   frame 60/200 (57s)
[fovbench]   frame 65/200 (61s)
[fovbench]   frame 70/200 (65s)
[fovbench]   frame 75/200 (70s)
[fovbench]   frame 80/200 (74s)
[fovbench]   frame 85/200 (78s)
[fovbench]   frame 90/200 (83s)
[fovbench]   frame 95/200 (87s)
[fovbench]   frame 100/200 (91s)
[fovbench]   frame 105/200 (96s)
[fovbench]   frame 110/200 (100s)
[fovbench]   frame 115/200 (104s)
[fovbench]   frame 120/200 (109s)
[fovbench]   frame 125/200 (113s)
[fovbench]   frame 130/200 (117s)
[fovbench]   frame 135/200 (122s)
[fovbench]   frame 140/200 (126s)
[fovbench]   frame 145/200 (130s)
[fovbench]   frame 150/200 (135s)
[fovbench]   frame 155/200 (139s)
[fovbench]   frame 160/200 (143s)
[fovbench]   frame 165/200 (148s)
[fovbench]   frame 170/200 (152s)
[fovbench]   frame 175/200 (156s)
[fovbench]   frame 180/200 (161s)
[fovbench]   frame 185/200 (165s)
[fovbench]   frame 190/200 (169s)
[fovbench]   frame 195/200 (174s)
[fovbench]   frame 200/200 (178s)
[fovbench]   done in 178s

========================================================================================
  ADT-FOV test · adt-fov-v1 · split fcc6c600f83b
========================================================================================
  200 frames over 1 sequence(s): Apartment_release_clean_seq131_M1292
  streams ['synthetic', 'real'] · views ['rect', 'fisheye'] · protocols ['radial']
  GT valid <= 10.0 m; predictions beyond 100.0 m excluded from the metrics

  PROTOCOL: the scale (and shift) is fitted ONCE per frame, over every valid
  pixel, and then frozen; binning is a masking step applied afterwards. Every
  cell above — AbsRel, delta1, RMSE, and `pen` — obeys that.

  pen    = AbsRel(outermost bin) / AbsRel(innermost)  — how much worse the
           periphery is, in the metric a downstream user reads.
  pen_ds = the same ratio after DEPTH STANDARDISATION: each bin re-scored on
           the frame's own depth mix (quartile strata, direct standardisation)
           so it is not rewarded or punished for how far away its content is.
           AbsRel grows with depth and an egocentric frame's depth falls with
           eccentricity, so pen carries some depth in it and pen_ds carries
           less. It is a REDUCTION, not a removal — ~25% of a purely-depth
           penalty still stands at four strata — so pen_ds well above 1.0 is
           real, and pen_ds near 1.0 means 'mostly depth', not 'nothing here'.
           `—` means a bin missed a depth stratum entirely, in at least half
           the frames: what it would score at the other bins' depths is simply
           not in this data. Averaging only the frames that did work would be
           averaging the frames with the widest depth range — see ds_frac.
  Absolute AbsRel is comparable only WITHIN an alignment protocol — see the
  MODELS block: models sharing an `align=` may be read against each other,
  one scored differently may not. pen is comparable across all of them,
  being a within-model ratio.

  RADIAL · rect · AbsRel   (deg off-axis)
  ----------------------------------------------------------------------------------------
  model         stream        0-10   10-20   20-30   30-40   40-50   50-55     pen  pen_ds
  ----------------------------------------------------------------------------------------
  da3_large     real         0.071   0.068   0.063   0.069   0.077   0.080    1.13       —
  da3_large     synthetic    0.051   0.047   0.046   0.055   0.062   0.063    1.25       —
  dav2_large    real         0.122   0.093   0.087   0.090   0.089   0.089    0.73       —
  dav2_large    synthetic    0.110   0.081   0.075   0.080   0.085   0.080    0.73       —
  vggt_1b       real         0.100   0.095   0.086   0.087   0.090   0.108    1.08       —
  vggt_1b       synthetic    0.067   0.061   0.061   0.071   0.074   0.079    1.18       —
  vggt_omega    real         0.064   0.061   0.055   0.061   0.061   0.056    0.86       —
  vggt_omega    synthetic    0.045   0.041   0.040   0.047   0.049   0.045    1.00       —

  RADIAL · rect · delta1   (deg off-axis)
  ----------------------------------------------------------------------------------------
  model         stream        0-10   10-20   20-30   30-40   40-50   50-55     pen  pen_ds
  ----------------------------------------------------------------------------------------
  da3_large     real         0.946   0.943   0.947   0.937   0.924   0.919    1.13       —
  da3_large     synthetic    0.968   0.971   0.973   0.965   0.956   0.955    1.25       —
  dav2_large    real         0.918   0.927   0.934   0.925   0.919   0.916    0.73       —
  dav2_large    synthetic    0.948   0.951   0.951   0.943   0.937   0.933    0.73       —
  vggt_1b       real         0.913   0.917   0.927   0.918   0.895   0.845    1.08       —
  vggt_1b       synthetic    0.949   0.957   0.963   0.945   0.931   0.907    1.18       —
  vggt_omega    real         0.935   0.942   0.954   0.945   0.948   0.955    0.86       —
  vggt_omega    synthetic    0.969   0.973   0.975   0.967   0.965   0.972    1.00       —

  RADIAL · fisheye · AbsRel   (deg off-axis)
  ----------------------------------------------------------------------------------------
  model         stream        0-10   10-20   20-30   30-40   40-50   50-55     pen  pen_ds
  ----------------------------------------------------------------------------------------
  da3_large     real         0.090   0.085   0.078   0.083   0.102   0.133    1.48       —
  da3_large     synthetic    0.064   0.060   0.064   0.080   0.099   0.126    1.97       —
  dav2_large    real         0.117   0.115   0.110   0.106   0.105   0.118    1.00       —
  dav2_large    synthetic    0.121   0.109   0.110   0.110   0.123   0.143    1.18       —
  vggt_1b       real         0.110   0.105   0.099   0.104   0.119   0.143    1.30       —
  vggt_1b       synthetic    0.068   0.066   0.070   0.085   0.102   0.122    1.79       —
  vggt_omega    real         0.072   0.067   0.060   0.062   0.075   0.108    1.50       —
  vggt_omega    synthetic    0.055   0.050   0.049   0.054   0.066   0.100    1.83       —

  RADIAL · fisheye · delta1   (deg off-axis)
  ----------------------------------------------------------------------------------------
  model         stream        0-10   10-20   20-30   30-40   40-50   50-55     pen  pen_ds
  ----------------------------------------------------------------------------------------
  da3_large     real         0.920   0.926   0.935   0.926   0.899   0.860    1.48       —
  da3_large     synthetic    0.964   0.967   0.963   0.932   0.903   0.876    1.97       —
  dav2_large    real         0.904   0.915   0.917   0.911   0.901   0.879    1.00       —
  dav2_large    synthetic    0.936   0.936   0.930   0.918   0.910   0.880    1.18       —
  vggt_1b       real         0.900   0.903   0.907   0.888   0.866   0.841    1.30       —
  vggt_1b       synthetic    0.954   0.957   0.950   0.913   0.891   0.882    1.79       —
  vggt_omega    real         0.930   0.939   0.950   0.945   0.938   0.923    1.50       —
  vggt_omega    synthetic    0.956   0.963   0.968   0.964   0.959   0.944    1.83       —

  COVERAGE · mean valid samples per incidence bin (radial protocol)
  ----------------------------------------------------------------------------------
  view      stream        px     0-10    10-20    20-30    30-40    40-50    50-55
  fisheye   real         512     4825    15660    29276    46487    66249    35411
  fisheye   real         518     4943    16022    29952    47588    67824    36245
  fisheye   synthetic    512     4825    15660    29276    46487    66249    35411
  fisheye   synthetic    518     4943    16022    29952    47588    67824    36245
  rect      real         512     7744    25247    50035    92346    83850     2873
  rect      real         518     7925    25856    51195    94550    85809     2939
  rect      synthetic    512     7744    25247    50035    92346    83850     2873
  rect      synthetic    518     7925    25856    51195    94550    85809     2939
  A rectified ~85 deg pinhole has no pixels past 42.3 deg off-axis except
  in its corners (52.6 deg at most). Empty outer bins there are geometry,
  not model failure — and are themselves the cost of rectifying.

  BIN DEPTH · median GT depth per incidence bin (m) — a confound, not a score
  ----------------------------------------------------------------------------------
  view      stream              px     0-10    10-20    20-30    30-40    40-50    50-55
  fisheye   real+synthetic     512     3.00     2.87     2.65     2.31     1.96     1.70
  fisheye   real+synthetic     518     3.00     2.87     2.65     2.31     1.96     1.70
  rect      real+synthetic     512     3.01     2.87     2.65     2.30     1.99     1.93
  rect      real+synthetic     518     3.02     2.87     2.65     2.30     1.99     1.94
  Read the AbsRel tables against this row: a bin that is both farther and
  worse has not yet been shown to be worse *because of* where it sits.

  MODELS
  ------------------------------------------------------------
  da3_large     Depth-Anything-3 Large · 411M · align=scale_shift · views at 518px
  dav2_large    Depth-Anything-V2 Large · 335M · align=disparity_scale_shift · views at 518px
  vggt_1b       VGGT 1B · 1191M · align=scale_shift · views at 518px
  vggt_omega    VGGT-Omega 1B/512 · 1144M · align=scale_shift · views at 512px


[fovbench] wrote eval_out/fovbench_v3/results.json (+ csv, report.txt, figures/)
V3_EXIT=0
