Warning: You are sending unauthenticated requests to the HF Hub. Please set a HF_TOKEN to enable higher rate limits and faster downloads.
/user/f.zhang2/projects/vggt-omega-organized/VGGT-360-fisheye/vggt_visfeat/models/vggt.py:72: FutureWarning: `torch.cuda.amp.autocast(args...)` is deprecated. Please use `torch.amp.autocast('cuda', args...)` instead.
  with torch.cuda.amp.autocast(enabled=False):
  [ADT] 1 usable sequence(s) (need: depth_npy, videos_synthetic, videos_rgb)
  [ADT]   SKIP Apartment_release_clean_seq133_M1292: missing/empty ['videos_synthetic']
  [ADT]   SKIP Apartment_release_clean_seq134_M1292: missing/empty ['videos_synthetic']
  [ADT]   SKIP Apartment_release_clean_seq135_M1292: missing/empty ['videos_synthetic']
  [ADT]   SKIP Apartment_release_clean_seq136_M1292: missing/empty ['videos_synthetic']
  [ADT]   SKIP Apartment_release_clean_seq137_M1292: missing/empty ['depth_npy', 'videos_synthetic']
  [ADT]   SKIP Apartment_release_clean_seq138_M1292: missing/empty ['depth_npy', 'videos_synthetic']
  [ADT]   SKIP Apartment_release_clean_seq140_M1292: missing/empty ['depth_npy', 'videos_synthetic']
  [ADT]   SKIP Apartment_release_clean_seq141_M1292: missing/empty ['depth_npy', 'videos_synthetic']
  [ADT]   SKIP Apartment_release_clean_seq142_M1292: missing/empty ['depth_npy', 'videos_synthetic']
  [ADT]   SKIP Apartment_release_clean_seq143_M1292: missing/empty ['depth_npy', 'videos_synthetic']
  [ADT]   SKIP Apartment_release_clean_seq144_M1292: missing/empty ['depth_npy', 'videos_synthetic']
  [ADT]   SKIP Apartment_release_clean_seq145_M1292: missing/empty ['depth_npy', 'videos_synthetic']
  [ADT]   SKIP Apartment_release_clean_seq146_M1292: missing/empty ['depth_npy', 'videos_synthetic']
  [ADT]   SKIP Apartment_release_clean_seq147_M1292: missing/empty ['depth_npy', 'videos_synthetic']
  [ADT]   SKIP Apartment_release_clean_seq148_M1292: missing/empty ['depth_npy', 'videos_synthetic']
  [ADT]   SKIP Apartment_release_clean_seq149_M1292: missing/empty ['depth_npy', 'videos_synthetic']
  [ADT]   SKIP Apartment_release_clean_seq150_M1292: missing/empty ['depth_npy', 'videos_synthetic']
  [ADT]   SKIP Apartment_release_decoration_seq132_M1292: missing/empty ['videos_synthetic']
  [ADT]   SKIP exocentric_rendered: missing/empty ['depth_npy', 'videos_synthetic', 'videos_rgb']
  [fovbench] Apartment_release_clean_seq131_M1292: 3 of 2878 common frames
  [fovbench] ADT-FOV split de7d13d3fc87: 3 frames across 1 sequence(s), streams=['synthetic', 'real']

[fovbench] ══ vggt_1b ══
[fovbench]   VGGT 1B | 1191M params | align=scale_shift | views rendered at 518px
[fovbench]   done in 15s

========================================================================================
  ADT-FOV test · adt-fov-v1 · split de7d13d3fc87
========================================================================================
  3 frames over 1 sequence(s): Apartment_release_clean_seq131_M1292
  streams ['synthetic', 'real'] · views ['rect', 'fisheye'] · protocols ['radial']
  window FOV 40.0 deg held fixed; aims [0.0, 10.0, 20.0, 30.0, 40.0] deg x azimuths [0.0, 90.0, 180.0, 270.0]
  GT valid <= 10.0 m; predictions beyond 100.0 m excluded from the metrics

  PROTOCOL: the scale (and shift) is fitted ONCE per frame, over every valid
  pixel, and then frozen; binning is a masking step applied afterwards. Every
  cell above — AbsRel, delta1, RMSE, and `pen` — obeys that.

  pen    = AbsRel(outermost bin) / AbsRel(innermost)  — how much worse the
           periphery is, in the metric a downstream user reads.
  drift* = OUTSIDE THE PROTOCOL, and the only column that is. anchored_ratio
           fits the model's own affine on the INNERMOST BIN ALONE, then takes
           median(gt/pred) per bin; drift* is innermost / outermost, > 1 =
           over-predicts depth toward the rim. It is kept because it separates
           'the model bends depth with radius' from 'the model is just noisier
           at the rim', which no whole-frame-fitted column can do — a global
           affine spends itself on the radial trend and reads 0.965 for a real
           +0.6*theta^2 bias. Read it as a diagnostic, not as a headline, and
           never mix it with the columns above when quoting a protocol.
           Radial only: window cells are separate forward passes of up-to-scale
           models, so a window-to-window ratio compares two arbitrary constants.
  Absolute AbsRel is NOT comparable across models (each keeps its own
  alignment protocol); pen and drift are, being within-model ratios.

  RADIAL · rect · AbsRel   (deg off-axis)
  ----------------------------------------------------------------------------------------
  model         stream        0-10   10-20   20-30   30-40   40-50   50-55     pen  drift*
  ----------------------------------------------------------------------------------------
  vggt_1b       real         0.125   0.130   0.112   0.092   0.100   0.145    1.16   0.869
  vggt_1b       synthetic    0.067   0.062   0.067   0.079   0.086   0.098    1.46   0.905

  RADIAL · rect · delta1   (deg off-axis)
  ----------------------------------------------------------------------------------------
  model         stream        0-10   10-20   20-30   30-40   40-50   50-55     pen  drift*
  ----------------------------------------------------------------------------------------
  vggt_1b       real         0.879   0.831   0.828   0.880   0.855   0.764    1.16   0.869
  vggt_1b       synthetic    0.968   0.954   0.925   0.925   0.898   0.812    1.46   0.905

  RADIAL · fisheye · AbsRel   (deg off-axis)
  ----------------------------------------------------------------------------------------
  model         stream        0-10   10-20   20-30   30-40   40-50   50-55     pen  drift*
  ----------------------------------------------------------------------------------------
  vggt_1b       real         0.125   0.119   0.099   0.081   0.109   0.125    1.00   0.941
  vggt_1b       synthetic    0.091   0.082   0.084   0.104   0.121   0.143    1.57   0.969

  RADIAL · fisheye · delta1   (deg off-axis)
  ----------------------------------------------------------------------------------------
  model         stream        0-10   10-20   20-30   30-40   40-50   50-55     pen  drift*
  ----------------------------------------------------------------------------------------
  vggt_1b       real         0.878   0.843   0.864   0.908   0.862   0.863    1.00   0.941
  vggt_1b       synthetic    0.957   0.938   0.908   0.888   0.799   0.803    1.57   0.969

  COVERAGE · mean valid pixels per incidence bin (radial protocol)
  ----------------------------------------------------------------------------------
  view      stream        px     0-10    10-20    20-30    30-40    40-50    50-55
  fisheye   real         518     4945    16024    29954    47586    67835    36252
  fisheye   synthetic    518     4945    16024    29954    47586    67835    36252
  rect      real         518     7927    25860    51201    94543    85822     2940
  rect      synthetic    518     7927    25860    51201    94543    85822     2940
  A rectified ~85 deg pinhole has no pixels past 42.3 deg off-axis except
  in its corners (52.6 deg at most). Empty outer bins there are geometry,
  not model failure — and are themselves the cost of rectifying.

  MODELS
  ------------------------------------------------------------
  vggt_1b       VGGT 1B · 1191M · align=scale_shift · views at 518px


[fovbench] wrote eval_out/fovbench_v2_smoke/results.json (+ csv, report.txt, figures/)
SMOKE2_EXIT=0
